Component: ARM Compiler 5.06 update 7 (build 960) Tool: armlink [4d3601]

==============================================================================

Section Cross References

    startup_stm32f103xb.o(RESET) refers to startup_stm32f103xb.o(STACK) for __initial_sp
    startup_stm32f103xb.o(RESET) refers to startup_stm32f103xb.o(.text) for Reset_Handler
    startup_stm32f103xb.o(RESET) refers to stm32f1xx_it.o(i.NMI_Handler) for NMI_Handler
    startup_stm32f103xb.o(RESET) refers to stm32f1xx_it.o(i.HardFault_Handler) for HardFault_Handler
    startup_stm32f103xb.o(RESET) refers to stm32f1xx_it.o(i.MemManage_Handler) for MemManage_Handler
    startup_stm32f103xb.o(RESET) refers to stm32f1xx_it.o(i.BusFault_Handler) for BusFault_Handler
    startup_stm32f103xb.o(RESET) refers to stm32f1xx_it.o(i.UsageFault_Handler) for UsageFault_Handler
    startup_stm32f103xb.o(RESET) refers to port.o(.emb_text) for SVC_Handler
    startup_stm32f103xb.o(RESET) refers to stm32f1xx_it.o(i.DebugMon_Handler) for DebugMon_Handler
    startup_stm32f103xb.o(RESET) refers to port.o(i.SysTick_Handler) for SysTick_Handler
    startup_stm32f103xb.o(RESET) refers to driver_key.o(i.EXTI0_IRQHandler) for EXTI0_IRQHandler
    startup_stm32f103xb.o(RESET) refers to stm32f1xx_it.o(i.TIM4_IRQHandler) for TIM4_IRQHandler
    startup_stm32f103xb.o(RESET) refers to driver_net.o(i.USART2_IRQHandler) for USART2_IRQHandler
    startup_stm32f103xb.o(.text) refers to system_stm32f1xx.o(i.SystemInit) for SystemInit
    startup_stm32f103xb.o(.text) refers to entry.o(.ARM.Collect$$$$00000000) for __main
    main.o(i.HAL_TIM_PeriodElapsedCallback) refers to stm32f1xx_hal.o(i.HAL_IncTick) for HAL_IncTick
    main.o(i.SystemClock_Config) refers to memseta.o(.text) for __aeabi_memclr4
    main.o(i.SystemClock_Config) refers to stm32f1xx_hal_rcc.o(i.HAL_RCC_OscConfig) for HAL_RCC_OscConfig
    main.o(i.SystemClock_Config) refers to stm32f1xx_hal_rcc.o(i.HAL_RCC_ClockConfig) for HAL_RCC_ClockConfig
    main.o(i.main) refers to stm32f1xx_hal.o(i.HAL_Init) for HAL_Init
    main.o(i.main) refers to main.o(i.SystemClock_Config) for SystemClock_Config
    main.o(i.main) refers to gpio.o(i.MX_GPIO_Init) for MX_GPIO_Init
    main.o(i.main) refers to usart.o(i.MX_USART1_UART_Init) for MX_USART1_UART_Init
    main.o(i.main) refers to usart.o(i.MX_USART2_UART_Init) for MX_USART2_UART_Init
    main.o(i.main) refers to i2c.o(i.MX_I2C1_Init) for MX_I2C1_Init
    main.o(i.main) refers to dev_io.o(i.IODev_GetDev) for IODev_GetDev
    main.o(i.main) refers to mqttecho.o(i.vStartMQTTTasks) for vStartMQTTTasks
    main.o(i.main) refers to tasks.o(i.vTaskStartScheduler) for vTaskStartScheduler
    main.o(i.main) refers to driver_led.o(i.LED_Init) for LED_Init
    main.o(i.main) refers to driver_key.o(i.Key_Init) for Key_Init
    main.o(i.main) refers to driver_net.o(i.Net_Init) for Net_Init
    main.o(i.main) refers to driver_dht11.o(i.DHT11_Init) for DHT11_Init
    main.o(i.main) refers to driver_oled.o(i.OLED_Init) for OLED_Init
    main.o(i.main) refers to driver_oled.o(i.OLED_Clear) for OLED_Clear
    main.o(i.main) refers to printf6.o(i.__0printf$6) for __2printf
    main.o(i.main) refers to cmsis_os2.o(i.osKernelInitialize) for osKernelInitialize
    main.o(i.main) refers to freertos.o(i.MX_FREERTOS_Init) for MX_FREERTOS_Init
    main.o(i.main) refers to cmsis_os2.o(i.osKernelStart) for osKernelStart
    gpio.o(i.MX_GPIO_Init) refers to stm32f1xx_hal_gpio.o(i.HAL_GPIO_WritePin) for HAL_GPIO_WritePin
    gpio.o(i.MX_GPIO_Init) refers to stm32f1xx_hal_gpio.o(i.HAL_GPIO_Init) for HAL_GPIO_Init
    freertos.o(i.MX_FREERTOS_Init) refers to cmsis_os2.o(i.osThreadNew) for osThreadNew
    freertos.o(i.MX_FREERTOS_Init) refers to freertos.o(.constdata) for .constdata
    freertos.o(i.MX_FREERTOS_Init) refers to freertos.o(i.StartDefaultTask) for StartDefaultTask
    freertos.o(i.MX_FREERTOS_Init) refers to freertos.o(.data) for .data
    freertos.o(i.StartDefaultTask) refers to driver_lcd.o(i.LCD_Init) for LCD_Init
    freertos.o(i.StartDefaultTask) refers to driver_lcd.o(i.LCD_Clear) for LCD_Clear
    freertos.o(i.StartDefaultTask) refers to driver_dht11.o(i.DHT11_Test) for DHT11_Test
    freertos.o(.constdata) refers to freertos.o(.conststring) for .conststring
    i2c.o(i.HAL_I2C_MspDeInit) refers to stm32f1xx_hal_gpio.o(i.HAL_GPIO_DeInit) for HAL_GPIO_DeInit
    i2c.o(i.HAL_I2C_MspInit) refers to stm32f1xx_hal_gpio.o(i.HAL_GPIO_Init) for HAL_GPIO_Init
    i2c.o(i.MX_I2C1_Init) refers to stm32f1xx_hal_i2c.o(i.HAL_I2C_Init) for HAL_I2C_Init
    i2c.o(i.MX_I2C1_Init) refers to main.o(i.Error_Handler) for Error_Handler
    i2c.o(i.MX_I2C1_Init) refers to i2c.o(.bss) for .bss
    usart.o(i.HAL_UART_MspDeInit) refers to stm32f1xx_hal_gpio.o(i.HAL_GPIO_DeInit) for HAL_GPIO_DeInit
    usart.o(i.HAL_UART_MspInit) refers to stm32f1xx_hal_gpio.o(i.HAL_GPIO_Init) for HAL_GPIO_Init
    usart.o(i.MX_USART1_UART_Init) refers to stm32f1xx_hal_uart.o(i.HAL_UART_Init) for HAL_UART_Init
[...]
    i.writeCString                           0x08004aca   Section        0  mqttpacket.o(i.writeCString)
    i.writeChar                              0x08004af2   Section        0  mqttpacket.o(i.writeChar)
    i.writeInt                               0x08004afe   Section        0  mqttpacket.o(i.writeInt)
    i.writeMQTTString                        0x08004b1c   Section        0  mqttpacket.o(i.writeMQTTString)
    i.xPortStartScheduler                    0x08004b54   Section        0  port.o(i.xPortStartScheduler)
    i.xQueueGenericCreateStatic              0x08004bfc   Section        0  queue.o(i.xQueueGenericCreateStatic)
    i.xQueueGenericReset                     0x08004c64   Section        0  queue.o(i.xQueueGenericReset)
    i.xQueueGenericSend                      0x08004cec   Section        0  queue.o(i.xQueueGenericSend)
    i.xQueueGenericSendFromISR               0x08004e4c   Section        0  queue.o(i.xQueueGenericSendFromISR)
    i.xQueueReceive                          0x08004f08   Section        0  queue.o(i.xQueueReceive)
    i.xTaskCheckForTimeOut                   0x08005040   Section        0  tasks.o(i.xTaskCheckForTimeOut)
    i.xTaskCreate                            0x080050b4   Section        0  tasks.o(i.xTaskCreate)
    i.xTaskCreateStatic                      0x0800510e   Section        0  tasks.o(i.xTaskCreateStatic)
    i.xTaskGetSchedulerState                 0x08005164   Section        0  tasks.o(i.xTaskGetSchedulerState)
    i.xTaskGetTickCount                      0x08005180   Section        0  tasks.o(i.xTaskGetTickCount)
    i.xTaskIncrementTick                     0x0800518c   Section        0  tasks.o(i.xTaskIncrementTick)
    i.xTaskPriorityDisinherit                0x08005254   Section        0  tasks.o(i.xTaskPriorityDisinherit)
    i.xTaskRemoveFromEventList               0x080052d4   Section        0  tasks.o(i.xTaskRemoveFromEventList)
    i.xTaskResumeAll                         0x08005344   Section        0  tasks.o(i.xTaskResumeAll)
    i.xTimerCreateTimerTask                  0x08005408   Section        0  timers.o(i.xTimerCreateTimerTask)
    i.xTimerGenericCommand                   0x08005468   Section        0  timers.o(i.xTimerGenericCommand)
    .constdata                               0x080054d0   Section       36  freertos.o(.constdata)
    .constdata                               0x080054f4   Section      164  mqttecho.o(.constdata)
    LedTopic                                 0x080054f4   Data          37  mqttecho.o(.constdata)
    KeyTopic                                 0x08005519   Data          36  mqttecho.o(.constdata)
    .constdata                               0x08005598   Section       16  system_stm32f1xx.o(.constdata)
    .constdata                               0x080055a8   Section        8  system_stm32f1xx.o(.constdata)
    .constdata                               0x080055b0   Section      180  driver_net.o(.constdata)
    .constdata                               0x08005664   Section     2048  driver_oled.o(.constdata)
    .constdata                               0x08005e64   Section       88  mqttclient.o(.constdata)
    .constdata                               0x08005ebc   Section       36  mqttfreertos.o(.constdata)
    wifi                                     0x08005ec8   Data          12  mqttfreertos.o(.constdata)
    .conststring                             0x08005ee0   Section       12  freertos.o(.conststring)
    .conststring                             0x08005eec   Section      149  mqttecho.o(.conststring)
    .conststring                             0x08005f84   Section       24  mqttfreertos.o(.conststring)
    .data                                    0x20000000   Section        4  freertos.o(.data)
    .data                                    0x20000004   Section       12  stm32f1xx_hal.o(.data)
    .data                                    0x20000010   Section        4  system_stm32f1xx.o(.data)
    .data                                    0x20000014   Section        4  driver_uart.o(.data)
    g_HDebugUART                             0x20000014   Data           4  driver_uart.o(.data)
    .data                                    0x20000018   Section       16  driver_key.o(.data)
    key_flag                                 0x20000018   Data           1  driver_key.o(.data)
    KeyTrigerTime                            0x2000001c   Data           4  driver_key.o(.data)
    press_time                               0x20000020   Data           4  driver_key.o(.data)
    release_time                             0x20000024   Data           4  driver_key.o(.data)
    .data                                    0x20000028   Section       12  driver_net.o(.data)
    g_status                                 0x20000028   Data           1  driver_net.o(.data)
    g_DataBuffIndex                          0x2000002c   Data           4  driver_net.o(.data)
    g_DataLen                                0x20000030   Data           4  driver_net.o(.data)
    .data                                    0x20000034   Section        8  driver_oled.o(.data)
    mem_mode                                 0x20000034   Data           1  driver_oled.o(.data)
    g_pHI2COLED                              0x20000038   Data           4  driver_oled.o(.data)
    .data                                    0x2000003c   Section       60  tasks.o(.data)
    pxDelayedTaskList                        0x20000040   Data           4  tasks.o(.data)
    pxOverflowDelayedTaskList                0x20000044   Data           4  tasks.o(.data)
    uxDeletedTasksWaitingCleanUp             0x20000048   Data           4  tasks.o(.data)
    uxCurrentNumberOfTasks                   0x2000004c   Data           4  tasks.o(.data)
    xTickCount                               0x20000050   Data           4  tasks.o(.data)
    uxTopReadyPriority                       0x20000054   Data           4  tasks.o(.data)
    xSchedulerRunning                        0x20000058   Data           4  tasks.o(.data)
    uxPendedTicks                            0x2000005c   Data           4  tasks.o(.data)
    xYieldPending                            0x20000060   Data           4  tasks.o(.data)
    xNumOfOverflows                          0x20000064   Data           4  tasks.o(.data)
    uxTaskNumber                             0x20000068   Data           4  tasks.o(.data)
    xNextTaskUnblockTime                     0x2000006c   Data           4  tasks.o(.data)
    xIdleTaskHandle                          0x20000070   Data           4  tasks.o(.data)
    uxSchedulerSuspended                     0x20000074   Data           4  tasks.o(.data)
    .data                                    0x20000078   Section       20  timers.o(.data)
    pxCurrentTimerList                       0x20000078   Data           4  timers.o(.data)
    pxOverflowTimerList                      0x2000007c   Data           4  timers.o(.data)
    xTimerQueue                              0x20000080   Data           4  timers.o(.data)
    xTimerTaskHandle                         0x20000084   Data           4  timers.o(.data)
    xLastTime                                0x20000088   Data           4  timers.o(.data)
    .data                                    0x2000008c   Section        4  cmsis_os2.o(.data)
    KernelState                              0x2000008c   Data           4  cmsis_os2.o(.data)
    .data                                    0x20000090   Section       24  heap_4.o(.data)
    pxEnd                                    0x20000090   Data           4  heap_4.o(.data)
    xFreeBytesRemaining                      0x20000094   Data           4  heap_4.o(.data)
    xMinimumEverFreeBytesRemaining           0x20000098   Data           4  heap_4.o(.data)
    xBlockAllocatedBit                       0x2000009c   Data           4  heap_4.o(.data)
    xStart                                   0x200000a0   Data           8  heap_4.o(.data)
    .data                                    0x200000a8   Section       12  port.o(.data)
    ucMaxSysCallPriority                     0x200000a8   Data           1  port.o(.data)
    uxCriticalNesting                        0x200000ac   Data           4  port.o(.data)
    ulMaxPRIGROUPValue                       0x200000b0   Data           4  port.o(.data)
    .data                                    0x200000b4   Section       48  dev_io.o(.data)
    g_tIODevs                                0x200000b4   Data          48  dev_io.o(.data)
    .data                                    0x200000e4   Section       24  dev_net.o(.data)
    g_tNetDev                                0x200000e4   Data          24  dev_net.o(.data)
    .data                                    0x200000fc   Section        4  mqttpacket.o(.data)
    bufptr                                   0x200000fc   Data           4  mqttpacket.o(.data)
    .data                                    0x20000100   Section        4  stdout.o(.data)
    .data                                    0x20000104   Section        4  mvars.o(.data)
    .data                                    0x20000108   Section        4  mvars.o(.data)
    .bss                                     0x2000010c   Section       84  i2c.o(.bss)
    .bss                                     0x20000160   Section      136  usart.o(.bss)
    .bss                                     0x200001e8   Section       72  stm32f1xx_hal_timebase_tim.o(.bss)
    .bss                                     0x20000230   Section       12  driver_key.o(.bss)
    KeyBuffer                                0x20000230   Data          12  driver_key.o(.bss)
    .bss                                     0x2000023c   Section      348  driver_net.o(.bss)
    g_DataBuff                               0x2000023c   Data         256  driver_net.o(.bss)
    huart2                                   0x2000033c   Data          68  driver_net.o(.bss)
    CmdRetBuffer                             0x20000380   Data          12  driver_net.o(.bss)
    NetDataBuffer                            0x2000038c   Data          12  driver_net.o(.bss)
    .bss                                     0x20000398   Section       64  queue.o(.bss)
    .bss                                     0x200003d8   Section     1220  tasks.o(.bss)
    pxReadyTasksLists                        0x200003d8   Data        1120  tasks.o(.bss)
    xDelayedTaskList1                        0x20000838   Data          20  tasks.o(.bss)
    xDelayedTaskList2                        0x2000084c   Data          20  tasks.o(.bss)
    xPendingReadyList                        0x20000860   Data          20  tasks.o(.bss)
    xTasksWaitingTermination                 0x20000874   Data          20  tasks.o(.bss)
    xSuspendedTaskList                       0x20000888   Data          20  tasks.o(.bss)
    .bss                                     0x2000089c   Section      280  timers.o(.bss)
    xActiveTimerList1                        0x2000089c   Data          20  timers.o(.bss)
    xActiveTimerList2                        0x200008b0   Data          20  timers.o(.bss)
    xStaticTimerQueue                        0x200008c4   Data          80  timers.o(.bss)
    ucStaticTimerQueueStorage                0x20000914   Data         160  timers.o(.bss)
    .bss                                     0x200009b4   Section     1720  cmsis_os2.o(.bss)
    Idle_TCB                                 0x200009b4   Data          92  cmsis_os2.o(.bss)
    Idle_Stack                               0x20000a10   Data         512  cmsis_os2.o(.bss)
    Timer_TCB                                0x20000c10   Data          92  cmsis_os2.o(.bss)
    Timer_Stack                              0x20000c6c   Data        1024  cmsis_os2.o(.bss)
    .bss                                     0x2000106c   Section     3072  heap_4.o(.bss)
    ucHeap                                   0x2000106c   Data        3072  heap_4.o(.bss)
    HEAP                                     0x20001c70   Section      512  startup_stm32f103xb.o(HEAP)
    STACK                                    0x20001e70   Section     1024  startup_stm32f103xb.o(STACK)

    Global Symbols

    Symbol Name                              Value     Ov Type        Size  Object(Section)

    BuildAttributes$$THM_ISAv4$P$D$K$B$S$PE$A:L22UL41UL21$X:L11$S22US41US21$IEEE1$IW$USESV6$~STKCKD$USESV7$~SHL$OSPACE$ROPI$EBA8$MICROLIB$REQ8$PRES8$EABIv2 0x00000000   Number         0  anon$$obj.o ABSOLUTE
    __ARM_use_no_argv                        0x00000000   Number         0  main.o ABSOLUTE
    _printf_a                                0x00000000   Number         0  stubs.o ABSOLUTE
    _printf_c                                0x00000000   Number         0  stubs.o ABSOLUTE
    _printf_charcount                        0x00000000   Number         0  stubs.o ABSOLUTE
    _printf_d                                0x00000000   Number         0  stubs.o ABSOLUTE
    _printf_e                                0x00000000   Number         0  stubs.o ABSOLUTE
    _printf_f                                0x00000000   Number         0  stubs.o ABSOLUTE
    _printf_flags                            0x00000000   Number         0  stubs.o ABSOLUTE
    _printf_fp_dec                           0x00000000   Number         0  stubs.o ABSOLUTE
    _printf_fp_hex                           0x00000000   Number         0  stubs.o ABSOLUTE
    _printf_g                                0x00000000   Number         0  stubs.o ABSOLUTE
    _printf_i                                0x00000000   Number         0  stubs.o ABSOLUTE
    _printf_int_dec                          0x00000000   Number         0  stubs.o ABSOLUTE
    _printf_l                                0x00000000   Number         0  stubs.o ABSOLUTE
    _printf_lc                               0x00000000   Number         0  stubs.o ABSOLUTE
    _printf_ll                               0x00000000   Number         0  stubs.o ABSOLUTE
    _printf_lld                              0x00000000   Number         0  stubs.o ABSOLUTE
    _printf_lli                              0x00000000   Number         0  stubs.o ABSOLUTE
    _printf_llo                              0x00000000   Number         0  stubs.o ABSOLUTE
    _printf_llu                              0x00000000   Number         0  stubs.o ABSOLUTE
    _printf_llx                              0x00000000   Number         0  stubs.o ABSOLUTE
    _printf_longlong_dec                     0x00000000   Number         0  stubs.o ABSOLUTE
    _printf_longlong_hex                     0x00000000   Number         0  stubs.o ABSOLUTE
    _printf_longlong_oct                     0x00000000   Number         0  stubs.o ABSOLUTE
    _printf_ls                               0x00000000   Number         0  stubs.o ABSOLUTE
    _printf_mbtowc                           0x00000000   Number         0  stubs.o ABSOLUTE
    _printf_n                                0x00000000   Number         0  stubs.o ABSOLUTE
    _printf_o                                0x00000000   Number         0  stubs.o ABSOLUTE
    _printf_p                                0x00000000   Number         0  stubs.o ABSOLUTE
    _printf_percent                          0x00000000   Number         0  stubs.o ABSOLUTE
    _printf_pre_padding                      0x00000000   Number         0  stubs.o ABSOLUTE
    _printf_return_value                     0x00000000   Number         0  stubs.o ABSOLUTE
    _printf_s                                0x00000000   Number         0  stubs.o ABSOLUTE
    _printf_sizespec                         0x00000000   Number         0  stubs.o ABSOLUTE
    _printf_str                              0x00000000   Number         0  stubs.o ABSOLUTE
    _printf_truncate_signed                  0x00000000   Number         0  stubs.o ABSOLUTE
    _printf_truncate_unsigned                0x00000000   Number         0  stubs.o ABSOLUTE
    _printf_u                                0x00000000   Number         0  stubs.o ABSOLUTE
    _printf_wc                               0x00000000   Number         0  stubs.o ABSOLUTE
    _printf_wctomb                           0x00000000   Number         0  stubs.o ABSOLUTE
    _printf_widthprec                        0x00000000   Number         0  stubs.o ABSOLUTE
    _printf_x                                0x00000000   Number         0  stubs.o ABSOLUTE
    __arm_fini_                               - Undefined Weak Reference
    __cpp_initialize__aeabi_                  - Undefined Weak Reference
    __cxa_finalize                            - Undefined Weak Reference
    __decompress                              - Undefined Weak Reference
    _clock_init                               - Undefined Weak Reference
    _microlib_exit                            - Undefined Weak Reference
    __Vectors_Size                           0x000000ec   Number         0  startup_stm32f103xb.o ABSOLUTE
    __Vectors                                0x08000000   Data           4  startup_stm32f103xb.o(RESET)
    __Vectors_End                            0x080000ec   Data           0  startup_stm32f103xb.o(RESET)
    __main                                   0x080000ed   Thumb Code     0  entry.o(.ARM.Collect$$$$00000000)
    _main_stk                                0x080000ed   Thumb Code     0  entry2.o(.ARM.Collect$$$$00000001)
    _main_scatterload                        0x080000f1   Thumb Code     0  entry5.o(.ARM.Collect$$$$00000004)
    __main_after_scatterload                 0x080000f5   Thumb Code     0  entry5.o(.ARM.Collect$$$$00000004)
    _main_clock                              0x080000f5   Thumb Code     0  entry7b.o(.ARM.Collect$$$$00000008)
    _main_cpp_init                           0x080000f5   Thumb Code     0  entry8b.o(.ARM.Collect$$$$0000000A)
    _main_init                               0x080000f5   Thumb Code     0  entry9a.o(.ARM.Collect$$$$0000000B)
    __rt_lib_shutdown_fini                   0x080000fd   Thumb Code     0  entry12b.o(.ARM.Collect$$$$0000000E)
    __rt_final_cpp                           0x08000101   Thumb Code     0  entry10a.o(.ARM.Collect$$$$0000000F)
    __rt_final_exit                          0x08000101   Thumb Code     0  entry11a.o(.ARM.Collect$$$$00000011)
    SVC_Handler                              0x08000105   Thumb Code    32  port.o(.emb_text)
    __asm___6_port_c_39a90d8d__prvStartFirstTask 0x08000129   Thumb Code    28  port.o(.emb_text)
    PendSV_Handler                           0x08000149   Thumb Code    72  port.o(.emb_text)
    vPortGetIPSR                             0x08000195   Thumb Code     6  port.o(.emb_text)
    Reset_Handler                            0x0800019d   Thumb Code     8  startup_stm32f103xb.o(.text)
    ADC1_2_IRQHandler                        0x080001b7   Thumb Code     0  startup_stm32f103xb.o(.text)
    CAN1_RX1_IRQHandler                      0x080001b7   Thumb Code     0  startup_stm32f103xb.o(.text)
    CAN1_SCE_IRQHandler                      0x080001b7   Thumb Code     0  startup_stm32f103xb.o(.text)
    DMA1_Channel1_IRQHandler                 0x080001b7   Thumb Code     0  startup_stm32f103xb.o(.text)
    DMA1_Channel2_IRQHandler                 0x080001b7   Thumb Code     0  startup_stm32f103xb.o(.text)
    DMA1_Channel3_IRQHandler                 0x080001b7   Thumb Code     0  startup_stm32f103xb.o(.text)
    DMA1_Channel4_IRQHandler                 0x080001b7   Thumb Code     0  startup_stm32f103xb.o(.text)
    DMA1_Channel5_IRQHandler                 0x080001b7   Thumb Code     0  startup_stm32f103xb.o(.text)
    DMA1_Channel6_IRQHandler                 0x080001b7   Thumb Code     0  startup_stm32f103xb.o(.text)
    DMA1_Channel7_IRQHandler                 0x080001b7   Thumb Code     0  startup_stm32f103xb.o(.text)
    EXTI15_10_IRQHandler                     0x080001b7   Thumb Code     0  startup_stm32f103xb.o(.text)
    EXTI1_IRQHandler                         0x080001b7   Thumb Code     0  startup_stm32f103xb.o(.text)
    EXTI2_IRQHandler                         0x080001b7   Thumb Code     0  startup_stm32f103xb.o(.text)
    EXTI3_IRQHandler                         0x080001b7   Thumb Code     0  startup_stm32f103xb.o(.text)
    EXTI4_IRQHandler                         0x080001b7   Thumb Code     0  startup_stm32f103xb.o(.text)
    EXTI9_5_IRQHandler                       0x080001b7   Thumb Code     0  startup_stm32f103xb.o(.text)
    FLASH_IRQHandler                         0x080001b7   Thumb Code     0  startup_stm32f103xb.o(.text)
    I2C1_ER_IRQHandler                       0x080001b7   Thumb Code     0  startup_stm32f103xb.o(.text)
    I2C1_EV_IRQHandler                       0x080001b7   Thumb Code     0  startup_stm32f103xb.o(.text)
    I2C2_ER_IRQHandler                       0x080001b7   Thumb Code     0  startup_stm32f103xb.o(.text)
    I2C2_EV_IRQHandler                       0x080001b7   Thumb Code     0  startup_stm32f103xb.o(.text)
    PVD_IRQHandler                           0x080001b7   Thumb Code     0  startup_stm32f103xb.o(.text)
    RCC_IRQHandler                           0x080001b7   Thumb Code     0  startup_stm32f103xb.o(.text)
    RTC_Alarm_IRQHandler                     0x080001b7   Thumb Code     0  startup_stm32f103xb.o(.text)
    RTC_IRQHandler                           0x080001b7   Thumb Code     0  startup_stm32f103xb.o(.text)
    SPI1_IRQHandler                          0x080001b7   Thumb Code     0  startup_stm32f103xb.o(.text)
    SPI2_IRQHandler                          0x080001b7   Thumb Code     0  startup_stm32f103xb.o(.text)
    TAMPER_IRQHandler                        0x080001b7   Thumb Code     0  startup_stm32f103xb.o(.text)
    TIM1_BRK_IRQHandler                      0x080001b7   Thumb Code     0  startup_stm32f103xb.o(.text)
    TIM1_CC_IRQHandler                       0x080001b7   Thumb Code     0  startup_stm32f103xb.o(.text)
    TIM1_TRG_COM_IRQHandler                  0x080001b7   Thumb Code     0  startup_stm32f103xb.o(.text)
    TIM1_UP_IRQHandler                       0x080001b7   Thumb Code     0  startup_stm32f103xb.o(.text)
    TIM2_IRQHandler                          0x080001b7   Thumb Code     0  startup_stm32f103xb.o(.text)
    TIM3_IRQHandler                          0x080001b7   Thumb Code     0  startup_stm32f103xb.o(.text)
    USART1_IRQHandler                        0x080001b7   Thumb Code     0  startup_stm32f103xb.o(.text)
    USART3_IRQHandler                        0x080001b7   Thumb Code     0  startup_stm32f103xb.o(.text)
    USBWakeUp_IRQHandler                     0x080001b7   Thumb Code     0  startup_stm32f103xb.o(.text)
    USB_HP_CAN1_TX_IRQHandler                0x080001b7   Thumb Code     0  startup_stm32f103xb.o(.text)
    USB_LP_CAN1_RX0_IRQHandler               0x080001b7   Thumb Code     0  startup_stm32f103xb.o(.text)
    WWDG_IRQHandler                          0x080001b7   Thumb Code     0  startup_stm32f103xb.o(.text)
    __aeabi_memcpy                           0x080001c1   Thumb Code    36  memcpya.o(.text)
    __aeabi_memcpy4                          0x080001c1   Thumb Code     0  memcpya.o(.text)
    __aeabi_memcpy8                          0x080001c1   Thumb Code     0  memcpya.o(.text)
    __aeabi_memset                           0x080001e5   Thumb Code    14  memseta.o(.text)
    __aeabi_memset4                          0x080001e5   Thumb Code     0  memseta.o(.text)
    __aeabi_memset8                          0x080001e5   Thumb Code     0  memseta.o(.text)
    __aeabi_memclr                           0x080001f3   Thumb Code     4  memseta.o(.text)
    __aeabi_memclr4                          0x080001f3   Thumb Code     0  memseta.o(.text)
    __aeabi_memclr8                          0x080001f3   Thumb Code     0  memseta.o(.text)
    memset                                   0x080001f7   Thumb Code    18  memseta.o(.text)
    strcat                                   0x08000209   Thumb Code    24  strcat.o(.text)
    strstr                                   0x08000221   Thumb Code    36  strstr.o(.text)
    strlen                                   0x08000245   Thumb Code    14  strlen.o(.text)
    strcmp                                   0x08000253   Thumb Code    28  strcmp.o(.text)
    strncmp                                  0x0800026f   Thumb Code    30  strncmp.o(.text)
    __aeabi_uidiv                            0x0800028d   Thumb Code     0  uidiv.o(.text)
    __aeabi_uidivmod                         0x0800028d   Thumb Code    44  uidiv.o(.text)
    __scatterload                            0x080002b9   Thumb Code    28  init.o(.text)
    __scatterload_rt2                        0x080002b9   Thumb Code     0  init.o(.text)
    Buffer_Clean                             0x080002dd   Thumb Code    30  driver_buffer.o(i.Buffer_Clean)
    Buffer_Init                              0x080002fb   Thumb Code    40  driver_buffer.o(i.Buffer_Init)
    Buffer_Read                              0x08000323   Thumb Code    50  driver_buffer.o(i.Buffer_Read)
    Buffer_ReadBytes                         0x08000355   Thumb Code    54  driver_buffer.o(i.Buffer_ReadBytes)
    Buffer_Write                             0x0800038b   Thumb Code    44  driver_buffer.o(i.Buffer_Write)
    Buffer_WriteBytes                        0x080003b7   Thumb Code    54  driver_buffer.o(i.Buffer_WriteBytes)
    BusFault_Handler                         0x080003ed   Thumb Code     2  stm32f1xx_it.o(i.BusFault_Handler)
    DHT11_Init                               0x080003ef   Thumb Code     6  driver_dht11.o(i.DHT11_Init)
    DHT11_Read                               0x08000425   Thumb Code   138  driver_dht11.o(i.DHT11_Read)
    DHT11_Test                               0x080004fd   Thumb Code    88  driver_dht11.o(i.DHT11_Test)
    DebugMon_Handler                         0x08000591   Thumb Code     2  stm32f1xx_it.o(i.DebugMon_Handler)
    EXTI0_IRQHandler                         0x08000593   Thumb Code     8  driver_key.o(i.EXTI0_IRQHandler)
    Error_Handler                            0x0800059b   Thumb Code     2  main.o(i.Error_Handler)
    FreeRTOS_disconnect                      0x0800059d   Thumb Code    22  mqttfreertos.o(i.FreeRTOS_disconnect)
    FreeRTOS_read                            0x080005b9   Thumb Code    56  mqttfreertos.o(i.FreeRTOS_read)
    FreeRTOS_write                           0x080005f1   Thumb Code    22  mqttfreertos.o(i.FreeRTOS_write)
    HAL_Delay                                0x08000609   Thumb Code    32  stm32f1xx_hal.o(i.HAL_Delay)
    HAL_GPIO_EXTI_Callback                   0x0800062d   Thumb Code    32  driver_key.o(i.HAL_GPIO_EXTI_Callback)
    HAL_GPIO_EXTI_IRQHandler                 0x08000655   Thumb Code    18  stm32f1xx_hal_gpio.o(i.HAL_GPIO_EXTI_IRQHandler)
    HAL_GPIO_Init                            0x0800066d   Thumb Code   446  stm32f1xx_hal_gpio.o(i.HAL_GPIO_Init)
    HAL_GPIO_ReadPin                         0x0800084d   Thumb Code    10  stm32f1xx_hal_gpio.o(i.HAL_GPIO_ReadPin)
    HAL_GPIO_WritePin                        0x08000857   Thumb Code    10  stm32f1xx_hal_gpio.o(i.HAL_GPIO_WritePin)
    HAL_GetTick                              0x08000861   Thumb Code     6  stm32f1xx_hal.o(i.HAL_GetTick)
    HAL_I2C_Init                             0x0800086d   Thumb Code   376  stm32f1xx_hal_i2c.o(i.HAL_I2C_Init)
    HAL_I2C_Master_Transmit                  0x080009f5   Thumb Code   290  stm32f1xx_hal_i2c.o(i.HAL_I2C_Master_Transmit)
    HAL_I2C_Mem_Write                        0x08000b21   Thumb Code   294  stm32f1xx_hal_i2c.o(i.HAL_I2C_Mem_Write)
    HAL_I2C_MspInit                          0x08000c51   Thumb Code    80  i2c.o(i.HAL_I2C_MspInit)
    HAL_IncTick                              0x08000cad   Thumb Code    12  stm32f1xx_hal.o(i.HAL_IncTick)
    HAL_Init                                 0x08000cbd   Thumb Code    32  stm32f1xx_hal.o(i.HAL_Init)
    HAL_InitTick                             0x08000ce1   Thumb Code   100  stm32f1xx_hal_timebase_tim.o(i.HAL_InitTick)
    HAL_MspInit                              0x08000d55   Thumb Code    52  stm32f1xx_hal_msp.o(i.HAL_MspInit)
    HAL_NVIC_EnableIRQ                       0x08000d91   Thumb Code    26  stm32f1xx_hal_cortex.o(i.HAL_NVIC_EnableIRQ)
    HAL_NVIC_SetPriority                     0x08000dad   Thumb Code    60  stm32f1xx_hal_cortex.o(i.HAL_NVIC_SetPriority)
    HAL_NVIC_SetPriorityGrouping             0x08000ded   Thumb Code    26  stm32f1xx_hal_cortex.o(i.HAL_NVIC_SetPriorityGrouping)
    HAL_RCC_ClockConfig                      0x08000e11   Thumb Code   280  stm32f1xx_hal_rcc.o(i.HAL_RCC_ClockConfig)
    HAL_RCC_GetClockConfig                   0x08000f3d   Thumb Code    54  stm32f1xx_hal_rcc.o(i.HAL_RCC_GetClockConfig)
    HAL_RCC_GetPCLK1Freq                     0x08000f7d   Thumb Code    20  stm32f1xx_hal_rcc.o(i.HAL_RCC_GetPCLK1Freq)
    HAL_RCC_GetPCLK2Freq                     0x08000f9d   Thumb Code    20  stm32f1xx_hal_rcc.o(i.HAL_RCC_GetPCLK2Freq)
    HAL_RCC_GetSysClockFreq                  0x08000fbd   Thumb Code    74  stm32f1xx_hal_rcc.o(i.HAL_RCC_GetSysClockFreq)
    HAL_RCC_OscConfig                        0x08001029   Thumb Code   778  stm32f1xx_hal_rcc.o(i.HAL_RCC_OscConfig)
    HAL_TIMEx_BreakCallback                  0x08001349   Thumb Code     2  stm32f1xx_hal_tim_ex.o(i.HAL_TIMEx_BreakCallback)
    HAL_TIMEx_CommutCallback                 0x0800134b   Thumb Code     2  stm32f1xx_hal_tim_ex.o(i.HAL_TIMEx_CommutCallback)
    HAL_TIM_Base_Init                        0x0800134d   Thumb Code    90  stm32f1xx_hal_tim.o(i.HAL_TIM_Base_Init)
    HAL_TIM_Base_MspInit                     0x080013a7   Thumb Code     2  stm32f1xx_hal_tim.o(i.HAL_TIM_Base_MspInit)
    HAL_TIM_Base_Start_IT                    0x080013a9   Thumb Code    76  stm32f1xx_hal_tim.o(i.HAL_TIM_Base_Start_IT)
    HAL_TIM_IC_CaptureCallback               0x08001401   Thumb Code     2  stm32f1xx_hal_tim.o(i.HAL_TIM_IC_CaptureCallback)
    HAL_TIM_IRQHandler                       0x08001403   Thumb Code   358  stm32f1xx_hal_tim.o(i.HAL_TIM_IRQHandler)
    HAL_TIM_OC_DelayElapsedCallback          0x08001569   Thumb Code     2  stm32f1xx_hal_tim.o(i.HAL_TIM_OC_DelayElapsedCallback)
    HAL_TIM_PWM_PulseFinishedCallback        0x0800156b   Thumb Code     2  stm32f1xx_hal_tim.o(i.HAL_TIM_PWM_PulseFinishedCallback)
    HAL_TIM_PeriodElapsedCallback            0x0800156d   Thumb Code    14  main.o(i.HAL_TIM_PeriodElapsedCallback)
    HAL_TIM_TriggerCallback                  0x08001581   Thumb Code     2  stm32f1xx_hal_tim.o(i.HAL_TIM_TriggerCallback)
    HAL_UART_Init                            0x080015fd   Thumb Code    98  stm32f1xx_hal_uart.o(i.HAL_UART_Init)
    HAL_UART_MspInit                         0x08001661   Thumb Code   156  usart.o(i.HAL_UART_MspInit)
    HAL_UART_Transmit                        0x0800170d   Thumb Code   178  stm32f1xx_hal_uart.o(i.HAL_UART_Transmit)
    HardFault_Handler                        0x080017bf   Thumb Code     2  stm32f1xx_it.o(i.HardFault_Handler)
    IODev_GetDev                             0x08001acd   Thumb Code     8  dev_io.o(i.IODev_GetDev)
    Key_Init                                 0x08001ae5   Thumb Code    80  driver_key.o(i.Key_Init)
    Key_Read                                 0x08001b41   Thumb Code    42  driver_key.o(i.Key_Read)
    LCD_Clear                                0x08001b71   Thumb Code     4  driver_lcd.o(i.LCD_Clear)
    LCD_Init                                 0x08001b75   Thumb Code     4  driver_lcd.o(i.LCD_Init)
    LCD_PrintSignedVal                       0x08001b79   Thumb Code     4  driver_lcd.o(i.LCD_PrintSignedVal)
    LCD_PrintString                          0x08001b7d   Thumb Code     4  driver_lcd.o(i.LCD_PrintString)
    LCD_PutChar                              0x08001b81   Thumb Code     4  driver_lcd.o(i.LCD_PutChar)
    LED_Init                                 0x08001b85   Thumb Code    50  driver_led.o(i.LED_Init)
    LED_WriteStatus                          0x08001bc1   Thumb Code    22  driver_led.o(i.LED_WriteStatus)
    MQTTCleanSession                         0x08001bdd   Thumb Code    18  mqttclient.o(i.MQTTCleanSession)
    MQTTClientInit                           0x08001bf1   Thumb Code    76  mqttclient.o(i.MQTTClientInit)
    MQTTCloseSession                         0x08001c3d   Thumb Code    18  mqttclient.o(i.MQTTCloseSession)
    MQTTConnect                              0x08001c4f   Thumb Code    10  mqttclient.o(i.MQTTConnect)
    MQTTConnectWithResults                   0x08001c59   Thumb Code   150  mqttclient.o(i.MQTTConnectWithResults)
    MQTTDeserialize_ack                      0x08001cf5   Thumb Code    72  mqttdeserializepublish.o(i.MQTTDeserialize_ack)
    MQTTDeserialize_connack                  0x08001d3d   Thumb Code    92  mqttconnectclient.o(i.MQTTDeserialize_connack)
    MQTTDeserialize_publish                  0x08001d99   Thumb Code   140  mqttdeserializepublish.o(i.MQTTDeserialize_publish)
    MQTTDeserialize_suback                   0x08001e25   Thumb Code   124  mqttsubscribeclient.o(i.MQTTDeserialize_suback)
    MQTTPacket_decode                        0x08001ea1   Thumb Code    54  mqttpacket.o(i.MQTTPacket_decode)
    MQTTPacket_decodeBuf                     0x08001ed9   Thumb Code    10  mqttpacket.o(i.MQTTPacket_decodeBuf)
    MQTTPacket_encode                        0x08001eed   Thumb Code    42  mqttpacket.o(i.MQTTPacket_encode)
    MQTTPacket_equals                        0x08001f17   Thumb Code    52  mqttpacket.o(i.MQTTPacket_equals)
    MQTTPacket_len                           0x08001f4d   Thumb Code    34  mqttpacket.o(i.MQTTPacket_len)
    MQTTPublish                              0x08001f75   Thumb Code   196  mqttclient.o(i.MQTTPublish)
    MQTTSerialize_ack                        0x08002039   Thumb Code    72  mqttserializepublish.o(i.MQTTSerialize_ack)
    MQTTSerialize_connect                    0x08002081   Thumb Code   262  mqttconnectclient.o(i.MQTTSerialize_connect)
    MQTTSerialize_connectLength              0x08002199   Thumb Code   118  mqttconnectclient.o(i.MQTTSerialize_connectLength)
    MQTTSerialize_pingreq                    0x0800220f   Thumb Code     6  mqttconnectclient.o(i.MQTTSerialize_pingreq)
    MQTTSerialize_publish                    0x08002215   Thumb Code   134  mqttserializepublish.o(i.MQTTSerialize_publish)
    MQTTSerialize_publishLength              0x0800229b   Thumb Code    30  mqttserializepublish.o(i.MQTTSerialize_publishLength)
    MQTTSerialize_subscribe                  0x080022b9   Thumb Code   140  mqttsubscribeclient.o(i.MQTTSerialize_subscribe)
    MQTTSerialize_subscribeLength            0x08002345   Thumb Code    46  mqttsubscribeclient.o(i.MQTTSerialize_subscribeLength)
    MQTTSerialize_zero                       0x08002373   Thumb Code    50  mqttconnectclient.o(i.MQTTSerialize_zero)
    MQTTSetMessageHandler                    0x080023a5   Thumb Code   118  mqttclient.o(i.MQTTSetMessageHandler)
    MQTTSubscribe                            0x0800241b   Thumb Code    12  mqttclient.o(i.MQTTSubscribe)
    MQTTSubscribeWithResults                 0x08002427   Thumb Code   172  mqttclient.o(i.MQTTSubscribeWithResults)
    MQTTYield                                0x080024d3   Thumb Code    54  mqttclient.o(i.MQTTYield)
    MQTTstrlen                               0x08002509   Thumb Code    14  mqttpacket.o(i.MQTTstrlen)
    MX_FREERTOS_Init                         0x08002519   Thumb Code    18  freertos.o(i.MX_FREERTOS_Init)
    MX_GPIO_Init                             0x08002539   Thumb Code   150  gpio.o(i.MX_GPIO_Init)
    MX_I2C1_Init                             0x080025dd   Thumb Code    50  i2c.o(i.MX_I2C1_Init)
    MX_USART1_UART_Init                      0x0800261d   Thumb Code    48  usart.o(i.MX_USART1_UART_Init)
    MX_USART2_UART_Init                      0x08002655   Thumb Code    48  usart.o(i.MX_USART2_UART_Init)
    MemManage_Handler                        0x0800268d   Thumb Code     2  stm32f1xx_it.o(i.MemManage_Handler)
    NMI_Handler                              0x080026d9   Thumb Code     2  stm32f1xx_it.o(i.NMI_Handler)
    NetDataProcess_Callback                  0x080026dd   Thumb Code   148  driver_net.o(i.NetDataProcess_Callback)
    NetDev_GetDev                            0x08002789   Thumb Code    12  dev_net.o(i.NetDev_GetDev)
    Net_ConnectTCP                           0x080027a5   Thumb Code    48  driver_net.o(i.Net_ConnectTCP)
    Net_ConnectWiFi                          0x080027e9   Thumb Code    66  driver_net.o(i.Net_ConnectWiFi)
    Net_DisconnectWiFi                       0x08002845   Thumb Code    12  driver_net.o(i.Net_DisconnectWiFi)
    Net_Disconnect_TCP_UDP                   0x08002865   Thumb Code    12  driver_net.o(i.Net_Disconnect_TCP_UDP)
    Net_Init                                 0x08002885   Thumb Code    70  driver_net.o(i.Net_Init)
    Net_RecvSocket                           0x080028f1   Thumb Code    52  driver_net.o(i.Net_RecvSocket)
    Net_TransmitSocket                       0x080029bd   Thumb Code   148  driver_net.o(i.Net_TransmitSocket)
    NetworkConnect                           0x08002a6d   Thumb Code    32  mqttfreertos.o(i.NetworkConnect)
    NetworkInit                              0x08002a91   Thumb Code    74  mqttfreertos.o(i.NetworkInit)
    OLED_Clear                               0x08002b51   Thumb Code    42  driver_oled.o(i.OLED_Clear)
    OLED_Init                                0x08002b7d   Thumb Code   142  driver_oled.o(i.OLED_Init)
    OLED_PrintSignedVal                      0x08002c11   Thumb Code   126  driver_oled.o(i.OLED_PrintSignedVal)
    OLED_PrintString                         0x08002c8f   Thumb Code    50  driver_oled.o(i.OLED_PrintString)
    OLED_PutChar                             0x08002cc1   Thumb Code    66  driver_oled.o(i.OLED_PutChar)
    OLED_SetPosition                         0x08002d35   Thumb Code    58  driver_oled.o(i.OLED_SetPosition)
    StartDefaultTask                         0x08002dbd   Thumb Code    14  freertos.o(i.StartDefaultTask)
    SysTick_Handler                          0x08002dcd   Thumb Code    38  port.o(i.SysTick_Handler)
    SystemClock_Config                       0x08002df9   Thumb Code    78  main.o(i.SystemClock_Config)
    SystemInit                               0x08002e47   Thumb Code     2  system_stm32f1xx.o(i.SystemInit)
    TIM4_IRQHandler                          0x08002e49   Thumb Code     6  stm32f1xx_it.o(i.TIM4_IRQHandler)
    TIM_Base_SetConfig                       0x08002e55   Thumb Code    94  stm32f1xx_hal_tim.o(i.TIM_Base_SetConfig)
    TimerCountdown                           0x08002ec1   Thumb Code    10  mqttfreertos.o(i.TimerCountdown)
    TimerCountdownMS                         0x08002ecb   Thumb Code     6  mqttfreertos.o(i.TimerCountdownMS)
    TimerInit                                0x08002ed1   Thumb Code    10  mqttfreertos.o(i.TimerInit)
    TimerIsExpired                           0x08002edb   Thumb Code    18  mqttfreertos.o(i.TimerIsExpired)
    TimerLeftMS                              0x08002eed   Thumb Code    16  mqttfreertos.o(i.TimerLeftMS)
    UART_Init                                0x08002efd   Thumb Code     2  driver_uart.o(i.UART_Init)
    USART2_IRQHandler                        0x0800301d   Thumb Code    48  driver_net.o(i.USART2_IRQHandler)
    UsageFault_Handler                       0x08003055   Thumb Code     2  stm32f1xx_it.o(i.UsageFault_Handler)
    __0printf$6                              0x08003059   Thumb Code    22  printf6.o(i.__0printf$6)
    __1printf$6                              0x08003059   Thumb Code     0  printf6.o(i.__0printf$6)
    __2printf                                0x08003059   Thumb Code     0  printf6.o(i.__0printf$6)
    __0sprintf$6                             0x08003079   Thumb Code    34  printf6.o(i.__0sprintf$6)
    __1sprintf$6                             0x08003079   Thumb Code     0  printf6.o(i.__0sprintf$6)
    __2sprintf                               0x08003079   Thumb Code     0  printf6.o(i.__0sprintf$6)
    __scatterload_copy                       0x080030c1   Thumb Code    14  handlers.o(i.__scatterload_copy)
    __scatterload_null                       0x080030cf   Thumb Code     2  handlers.o(i.__scatterload_null)
    __scatterload_zeroinit                   0x080030d1   Thumb Code    14  handlers.o(i.__scatterload_zeroinit)
    bufchar                                  0x0800342d   Thumb Code    30  mqttpacket.o(i.bufchar)
    cycle                                    0x08003451   Thumb Code   278  mqttclient.o(i.cycle)
    deliverMessage                           0x08003569   Thumb Code   174  mqttclient.o(i.deliverMessage)
    fputc                                    0x08003619   Thumb Code    22  driver_uart.o(i.fputc)
    keepalive                                0x0800364b   Thumb Code    88  mqttclient.o(i.keepalive)
    main                                     0x080036a5   Thumb Code    94  main.o(i.main)
    malloc                                   0x08003715   Thumb Code    92  malloc.o(i.malloc)
    mdelay                                   0x08003781   Thumb Code    26  driver_timer.o(i.mdelay)
    messageArrived                           0x0800379d   Thumb Code   100  mqttecho.o(i.messageArrived)
    osKernelInitialize                       0x0800383d   Thumb Code    50  cmsis_os2.o(i.osKernelInitialize)
    osKernelStart                            0x08003875   Thumb Code    58  cmsis_os2.o(i.osKernelStart)
    osThreadNew                              0x080038b5   Thumb Code   160  cmsis_os2.o(i.osThreadNew)
    platform_io_init                         0x08003959   Thumb Code    30  platform_io.o(i.platform_io_init)
    platform_io_read                         0x08003977   Thumb Code    22  platform_io.o(i.platform_io_read)
    platform_io_write                        0x0800398d   Thumb Code    18  platform_io.o(i.platform_io_write)
    platform_net_connect                     0x0800399f   Thumb Code    48  platform_net.o(i.platform_net_connect)
    platform_net_disconnect                  0x080039cf   Thumb Code    32  platform_net.o(i.platform_net_disconnect)
    platform_net_init                        0x080039ef   Thumb Code    12  platform_net.o(i.platform_net_init)
    platform_net_read                        0x080039fb   Thumb Code    32  platform_net.o(i.platform_net_read)
    platform_net_write                       0x08003a1b   Thumb Code    32  platform_net.o(i.platform_net_write)
    pvPortMalloc                             0x080043d5   Thumb Code   210  heap_4.o(i.pvPortMalloc)
    pxPortInitialiseStack                    0x080044ad   Thumb Code    32  port.o(i.pxPortInitialiseStack)
    readChar                                 0x080044d1   Thumb Code    12  mqttpacket.o(i.readChar)
    readInt                                  0x080044dd   Thumb Code    18  mqttpacket.o(i.readInt)
    readMQTTLenString                        0x080044ef   Thumb Code    52  mqttpacket.o(i.readMQTTLenString)
    udelay                                   0x08004631   Thumb Code    52  driver_timer.o(i.udelay)
    uxListRemove                             0x08004669   Thumb Code    38  list.o(i.uxListRemove)
    vApplicationGetIdleTaskMemory            0x08004691   Thumb Code    16  cmsis_os2.o(i.vApplicationGetIdleTaskMemory)
    vApplicationGetTimerTaskMemory           0x080046a5   Thumb Code    18  cmsis_os2.o(i.vApplicationGetTimerTaskMemory)
    vListInitialise                          0x080046bd   Thumb Code    22  list.o(i.vListInitialise)
    vListInitialiseItem                      0x080046d3   Thumb Code     6  list.o(i.vListInitialiseItem)
    vListInsert                              0x080046d9   Thumb Code    48  list.o(i.vListInsert)
    vListInsertEnd                           0x08004709   Thumb Code    24  list.o(i.vListInsertEnd)
    vPortEnterCritical                       0x08004721   Thumb Code    54  port.o(i.vPortEnterCritical)
    vPortExitCritical                        0x08004761   Thumb Code    34  port.o(i.vPortExitCritical)
    vPortFree                                0x08004789   Thumb Code    88  heap_4.o(i.vPortFree)
    vPortSetupTimerInterrupt                 0x080047e5   Thumb Code    32  port.o(i.vPortSetupTimerInterrupt)
    vPortValidateInterruptPriority           0x08004809   Thumb Code    74  port.o(i.vPortValidateInterruptPriority)
    vQueueAddToRegistry                      0x0800485d   Thumb Code    34  queue.o(i.vQueueAddToRegistry)
    vQueueWaitForMessageRestricted           0x08004885   Thumb Code    68  queue.o(i.vQueueWaitForMessageRestricted)
    vStartMQTTTasks                          0x080048c9   Thumb Code    20  mqttecho.o(i.vStartMQTTTasks)
    vTaskInternalSetTimeOutState             0x080048ed   Thumb Code    12  tasks.o(i.vTaskInternalSetTimeOutState)
    vTaskMissedYield                         0x080048fd   Thumb Code     8  tasks.o(i.vTaskMissedYield)
    vTaskPlaceOnEventList                    0x08004909   Thumb Code    44  tasks.o(i.vTaskPlaceOnEventList)
    vTaskPlaceOnEventListRestricted          0x08004939   Thumb Code    52  tasks.o(i.vTaskPlaceOnEventListRestricted)
    vTaskSetTimeOutState                     0x08004971   Thumb Code    44  tasks.o(i.vTaskSetTimeOutState)
    vTaskStartScheduler                      0x080049a1   Thumb Code   118  tasks.o(i.vTaskStartScheduler)
    vTaskSuspendAll                          0x08004a29   Thumb Code    10  tasks.o(i.vTaskSuspendAll)
    vTaskSwitchContext                       0x08004a39   Thumb Code    90  tasks.o(i.vTaskSwitchContext)
    waitfor                                  0x08004a9d   Thumb Code    46  mqttclient.o(i.waitfor)
    writeCString                             0x08004acb   Thumb Code    40  mqttpacket.o(i.writeCString)
    writeChar                                0x08004af3   Thumb Code    12  mqttpacket.o(i.writeChar)
    writeInt                                 0x08004aff   Thumb Code    30  mqttpacket.o(i.writeInt)
    writeMQTTString                          0x08004b1d   Thumb Code    54  mqttpacket.o(i.writeMQTTString)
    xPortStartScheduler                      0x08004b55   Thumb Code   154  port.o(i.xPortStartScheduler)
    xQueueGenericCreateStatic                0x08004bfd   Thumb Code   102  queue.o(i.xQueueGenericCreateStatic)
    xQueueGenericReset                       0x08004c65   Thumb Code   132  queue.o(i.xQueueGenericReset)
    xQueueGenericSend                        0x08004ced   Thumb Code   346  queue.o(i.xQueueGenericSend)
    xQueueGenericSendFromISR                 0x08004e4d   Thumb Code   188  queue.o(i.xQueueGenericSendFromISR)
    xQueueReceive                            0x08004f09   Thumb Code   308  queue.o(i.xQueueReceive)
    xTaskCheckForTimeOut                     0x08005041   Thumb Code   112  tasks.o(i.xTaskCheckForTimeOut)
    xTaskCreate                              0x080050b5   Thumb Code    90  tasks.o(i.xTaskCreate)
    xTaskCreateStatic                        0x0800510f   Thumb Code    86  tasks.o(i.xTaskCreateStatic)
    xTaskGetSchedulerState                   0x08005165   Thumb Code    22  tasks.o(i.xTaskGetSchedulerState)
    xTaskGetTickCount                        0x08005181   Thumb Code     6  tasks.o(i.xTaskGetTickCount)
    xTaskIncrementTick                       0x0800518d   Thumb Code   190  tasks.o(i.xTaskIncrementTick)
    xTaskPriorityDisinherit                  0x08005255   Thumb Code   118  tasks.o(i.xTaskPriorityDisinherit)
    xTaskRemoveFromEventList                 0x080052d5   Thumb Code    98  tasks.o(i.xTaskRemoveFromEventList)
    xTaskResumeAll                           0x08005345   Thumb Code   182  tasks.o(i.xTaskResumeAll)
    xTimerCreateTimerTask                    0x08005409   Thumb Code    78  timers.o(i.xTimerCreateTimerTask)
    xTimerGenericCommand                     0x08005469   Thumb Code    98  timers.o(i.xTimerGenericCommand)
    defaultTask_attributes                   0x080054d0   Data          36  freertos.o(.constdata)
    AHBPrescTable                            0x08005598   Data          16  system_stm32f1xx.o(.constdata)
    APBPrescTable                            0x080055a8   Data           8  system_stm32f1xx.o(.constdata)
    ascii_font                               0x08005664   Data        2048  driver_oled.o(.constdata)
    Region$$Table$$Base                      0x08005f9c   Number         0  anon$$obj.o(Region$$Table)
    Region$$Table$$Limit                     0x08005fbc   Number         0  anon$$obj.o(Region$$Table)
    defaultTaskHandle                        0x20000000   Data           4  freertos.o(.data)
    uwTickFreq                               0x20000004   Data           1  stm32f1xx_hal.o(.data)
    uwTickPrio                               0x20000008   Data           4  stm32f1xx_hal.o(.data)
    uwTick                                   0x2000000c   Data           4  stm32f1xx_hal.o(.data)
    SystemCoreClock                          0x20000010   Data           4  system_stm32f1xx.o(.data)
    pxCurrentTCB                             0x2000003c   Data           4  tasks.o(.data)
    __stdout                                 0x20000100   Data           4  stdout.o(.data)
    __microlib_freelist                      0x20000104   Data           4  mvars.o(.data)
    __microlib_freelist_initialised          0x20000108   Data           4  mvars.o(.data)
    hi2c1                                    0x2000010c   Data          84  i2c.o(.bss)
    huart1                                   0x20000160   Data          68  usart.o(.bss)
    huart2                                   0x200001a4   Data          68  usart.o(.bss)
    htim4                                    0x200001e8   Data          72  stm32f1xx_hal_timebase_tim.o(.bss)
    xQueueRegistry                           0x20000398   Data          64  queue.o(.bss)
    __heap_base                              0x20001c70   Data           0  startup_stm32f103xb.o(HEAP)
    __heap_limit                             0x20001e70   Data           0  startup_stm32f103xb.o(HEAP)
    __initial_sp                             0x20002270   Data           0  startup_stm32f103xb.o(STACK)



==============================================================================

Memory Map of the image

  Image Entry point : 0x080000ed

  Load Region LR_IROM1 (Base: 0x08000000, Size: 0x000060c8, Max: 0x00010000, ABSOLUTE)

    Execution Region ER_IROM1 (Exec base: 0x08000000, Load base: 0x08000000, Size: 0x00005fbc, Max: 0x00010000, ABSOLUTE)

    Exec Addr    Load Addr    Size         Type   Attr      Idx    E Section Name        Object

    0x08000000   0x08000000   0x000000ec   Data   RO            3    RESET               startup_stm32f103xb.o
    0x080000ec   0x080000ec   0x00000000   Code   RO         6475  * .ARM.Collect$$$$00000000  mc_w.l(entry.o)
    0x080000ec   0x080000ec   0x00000004   Code   RO         6791    .ARM.Collect$$$$00000001  mc_w.l(entry2.o)
    0x080000f0   0x080000f0   0x00000004   Code   RO         6794    .ARM.Collect$$$$00000004  mc_w.l(entry5.o)
    0x080000f4   0x080000f4   0x00000000   Code   RO         6796    .ARM.Collect$$$$00000008  mc_w.l(entry7b.o)
    0x080000f4   0x080000f4   0x00000000   Code   RO         6798    .ARM.Collect$$$$0000000A  mc_w.l(entry8b.o)
    0x080000f4   0x080000f4   0x00000008   Code   RO         6799    .ARM.Collect$$$$0000000B  mc_w.l(entry9a.o)
    0x080000fc   0x080000fc   0x00000004   Code   RO         6806    .ARM.Collect$$$$0000000E  mc_w.l(entry12b.o)
    0x08000100   0x08000100   0x00000000   Code   RO         6801    .ARM.Collect$$$$0000000F  mc_w.l(entry10a.o)
    0x08000100   0x08000100   0x00000000   Code   RO         6803    .ARM.Collect$$$$00000011  mc_w.l(entry11a.o)
    0x08000100   0x08000100   0x00000004   Code   RO         6792    .ARM.Collect$$$$00002712  mc_w.l(entry2.o)
    0x08000104   0x08000104   0x00000096   Code   RO         5617    .emb_text           port.o
    0x0800019a   0x0800019a   0x00000002   PAD
    0x0800019c   0x0800019c   0x00000024   Code   RO            4    .text               startup_stm32f103xb.o
    0x080001c0   0x080001c0   0x00000024   Code   RO         6482    .text               mc_w.l(memcpya.o)
    0x080001e4   0x080001e4   0x00000024   Code   RO         6486    .text               mc_w.l(memseta.o)
    0x08000208   0x08000208   0x00000018   Code   RO         6488    .text               mc_w.l(strcat.o)
    0x08000220   0x08000220   0x00000024   Code   RO         6490    .text               mc_w.l(strstr.o)
    0x08000244   0x08000244   0x0000000e   Code   RO         6492    .text               mc_w.l(strlen.o)
    0x08000252   0x08000252   0x0000001c   Code   RO         6494    .text               mc_w.l(strcmp.o)
    0x0800026e   0x0800026e   0x0000001e   Code   RO         6498    .text               mc_w.l(strncmp.o)
    0x0800028c   0x0800028c   0x0000002c   Code   RO         6808    .text               mc_w.l(uidiv.o)
    0x080002b8   0x080002b8   0x00000024   Code   RO         6825    .text               mc_w.l(init.o)
    0x080002dc   0x080002dc   0x0000001e   Code   RO         3543    i.Buffer_Clean      driver_buffer.o
    0x080002fa   0x080002fa   0x00000028   Code   RO         3544    i.Buffer_Init       driver_buffer.o
    0x08000322   0x08000322   0x00000032   Code   RO         3545    i.Buffer_Read       driver_buffer.o
    0x08000354   0x08000354   0x00000036   Code   RO         3546    i.Buffer_ReadBytes  driver_buffer.o
    0x0800038a   0x0800038a   0x0000002c   Code   RO         3547    i.Buffer_Write      driver_buffer.o
    0x080003b6   0x080003b6   0x00000036   Code   RO         3548    i.Buffer_WriteBytes  driver_buffer.o
    0x080003ec   0x080003ec   0x00000002   Code   RO          393    i.BusFault_Handler  stm32f1xx_it.o
    0x080003ee   0x080003ee   0x00000006   Code   RO         3892    i.DHT11_Init        driver_dht11.o
    0x080003f4   0x080003f4   0x00000018   Code   RO         3893    i.DHT11_PinRead     driver_dht11.o
    0x0800040c   0x0800040c   0x00000018   Code   RO         3894    i.DHT11_PinSet      driver_dht11.o
    0x08000424   0x08000424   0x00000090   Code   RO         3895    i.DHT11_Read        driver_dht11.o
    0x080004b4   0x080004b4   0x00000046   Code   RO         3896    i.DHT11_ReadByte    driver_dht11.o
    0x080004fa   0x080004fa   0x00000002   PAD
    0x080004fc   0x080004fc   0x00000070   Code   RO         3897    i.DHT11_Test        driver_dht11.o
    0x0800056c   0x0800056c   0x00000024   Code   RO         3898    i.DHT11_WaitFor_Val  driver_dht11.o
    0x08000590   0x08000590   0x00000002   Code   RO          394    i.DebugMon_Handler  stm32f1xx_it.o
    0x08000592   0x08000592   0x00000008   Code   RO         3486    i.EXTI0_IRQHandler  driver_key.o
    0x0800059a   0x0800059a   0x00000002   Code   RO           13    i.Error_Handler     main.o
    0x0800059c   0x0800059c   0x0000001c   Code   RO         6001    i.FreeRTOS_disconnect  mqttfreertos.o
    0x080005b8   0x080005b8   0x00000038   Code   RO         6002    i.FreeRTOS_read     mqttfreertos.o
    0x080005f0   0x080005f0   0x00000016   Code   RO         6003    i.FreeRTOS_write    mqttfreertos.o
    0x08000606   0x08000606   0x00000002   PAD
    0x08000608   0x08000608   0x00000024   Code   RO          638    i.HAL_Delay         stm32f1xx_hal.o
    0x0800062c   0x0800062c   0x00000028   Code   RO         3487    i.HAL_GPIO_EXTI_Callback  driver_key.o
    0x08000654   0x08000654   0x00000018   Code   RO          945    i.HAL_GPIO_EXTI_IRQHandler  stm32f1xx_hal_gpio.o
    0x0800066c   0x0800066c   0x000001e0   Code   RO          946    i.HAL_GPIO_Init     stm32f1xx_hal_gpio.o
    0x0800084c   0x0800084c   0x0000000a   Code   RO          948    i.HAL_GPIO_ReadPin  stm32f1xx_hal_gpio.o
    0x08000856   0x08000856   0x0000000a   Code   RO          950    i.HAL_GPIO_WritePin  stm32f1xx_hal_gpio.o
    0x08000860   0x08000860   0x0000000c   Code   RO          642    i.HAL_GetTick       stm32f1xx_hal.o
    0x0800086c   0x0800086c   0x00000188   Code   RO         1617    i.HAL_I2C_Init      stm32f1xx_hal_i2c.o
    0x080009f4   0x080009f4   0x0000012c   Code   RO         1630    i.HAL_I2C_Master_Transmit  stm32f1xx_hal_i2c.o
    0x08000b20   0x08000b20   0x00000130   Code   RO         1638    i.HAL_I2C_Mem_Write  stm32f1xx_hal_i2c.o
    0x08000c50   0x08000c50   0x0000005c   Code   RO          304    i.HAL_I2C_MspInit   i2c.o
    0x08000cac   0x08000cac   0x00000010   Code   RO          648    i.HAL_IncTick       stm32f1xx_hal.o
    0x08000cbc   0x08000cbc   0x00000024   Code   RO          649    i.HAL_Init          stm32f1xx_hal.o
    0x08000ce0   0x08000ce0   0x00000074   Code   RO          481    i.HAL_InitTick      stm32f1xx_hal_timebase_tim.o
    0x08000d54   0x08000d54   0x0000003c   Code   RO          457    i.HAL_MspInit       stm32f1xx_hal_msp.o
    0x08000d90   0x08000d90   0x0000001a   Code   RO         1106    i.HAL_NVIC_EnableIRQ  stm32f1xx_hal_cortex.o
    0x08000daa   0x08000daa   0x00000002   PAD
    0x08000dac   0x08000dac   0x00000040   Code   RO         1112    i.HAL_NVIC_SetPriority  stm32f1xx_hal_cortex.o
    0x08000dec   0x08000dec   0x00000024   Code   RO         1113    i.HAL_NVIC_SetPriorityGrouping  stm32f1xx_hal_cortex.o
    0x08000e10   0x08000e10   0x0000012c   Code   RO          806    i.HAL_RCC_ClockConfig  stm32f1xx_hal_rcc.o
    0x08000f3c   0x08000f3c   0x00000040   Code   RO          810    i.HAL_RCC_GetClockConfig  stm32f1xx_hal_rcc.o
    0x08000f7c   0x08000f7c   0x00000020   Code   RO          813    i.HAL_RCC_GetPCLK1Freq  stm32f1xx_hal_rcc.o
    0x08000f9c   0x08000f9c   0x00000020   Code   RO          814    i.HAL_RCC_GetPCLK2Freq  stm32f1xx_hal_rcc.o
    0x08000fbc   0x08000fbc   0x0000006c   Code   RO          815    i.HAL_RCC_GetSysClockFreq  stm32f1xx_hal_rcc.o
    0x08001028   0x08001028   0x00000320   Code   RO          818    i.HAL_RCC_OscConfig  stm32f1xx_hal_rcc.o
    0x08001348   0x08001348   0x00000002   Code   RO         2744    i.HAL_TIMEx_BreakCallback  stm32f1xx_hal_tim_ex.o
    0x0800134a   0x0800134a   0x00000002   Code   RO         2745    i.HAL_TIMEx_CommutCallback  stm32f1xx_hal_tim_ex.o
    0x0800134c   0x0800134c   0x0000005a   Code   RO         2040    i.HAL_TIM_Base_Init  stm32f1xx_hal_tim.o
    0x080013a6   0x080013a6   0x00000002   Code   RO         2042    i.HAL_TIM_Base_MspInit  stm32f1xx_hal_tim.o
    0x080013a8   0x080013a8   0x00000058   Code   RO         2045    i.HAL_TIM_Base_Start_IT  stm32f1xx_hal_tim.o
    0x08001400   0x08001400   0x00000002   Code   RO         2074    i.HAL_TIM_IC_CaptureCallback  stm32f1xx_hal_tim.o
    0x08001402   0x08001402   0x00000166   Code   RO         2088    i.HAL_TIM_IRQHandler  stm32f1xx_hal_tim.o
    0x08001568   0x08001568   0x00000002   Code   RO         2091    i.HAL_TIM_OC_DelayElapsedCallback  stm32f1xx_hal_tim.o
    0x0800156a   0x0800156a   0x00000002   Code   RO         2118    i.HAL_TIM_PWM_PulseFinishedCallback  stm32f1xx_hal_tim.o
    0x0800156c   0x0800156c   0x00000014   Code   RO           14    i.HAL_TIM_PeriodElapsedCallback  main.o
    0x08001580   0x08001580   0x00000002   Code   RO         2131    i.HAL_TIM_TriggerCallback  stm32f1xx_hal_tim.o
    0x08001582   0x08001582   0x00000002   PAD
    0x08001584   0x08001584   0x00000078   Code   RO         3600    i.HAL_UART2_MspInit  driver_net.o
    0x080015fc   0x080015fc   0x00000062   Code   RO         3040    i.HAL_UART_Init     stm32f1xx_hal_uart.o
    0x0800165e   0x0800165e   0x00000002   PAD
    0x08001660   0x08001660   0x000000ac   Code   RO          346    i.HAL_UART_MspInit  usart.o
    0x0800170c   0x0800170c   0x000000b2   Code   RO         3048    i.HAL_UART_Transmit  stm32f1xx_hal_uart.o
    0x080017be   0x080017be   0x00000002   Code   RO          395    i.HardFault_Handler  stm32f1xx_it.o
    0x080017c0   0x080017c0   0x0000002e   Code   RO         1659    i.I2C_IsAcknowledgeFailed  stm32f1xx_hal_i2c.o
    0x080017ee   0x080017ee   0x00000002   PAD
    0x080017f0   0x080017f0   0x0000009c   Code   RO         1663    i.I2C_MasterRequestWrite  stm32f1xx_hal_i2c.o
    0x0800188c   0x0800188c   0x000000a8   Code   RO         1670    i.I2C_RequestMemoryWrite  stm32f1xx_hal_i2c.o
    0x08001934   0x08001934   0x0000004c   Code   RO         1674    i.I2C_WaitOnBTFFlagUntilTimeout  stm32f1xx_hal_i2c.o
    0x08001980   0x08001980   0x00000068   Code   RO         1675    i.I2C_WaitOnFlagUntilTimeout  stm32f1xx_hal_i2c.o
    0x080019e8   0x080019e8   0x00000096   Code   RO         1676    i.I2C_WaitOnMasterAddressFlagUntilTimeout  stm32f1xx_hal_i2c.o
    0x08001a7e   0x08001a7e   0x0000004c   Code   RO         1678    i.I2C_WaitOnTXEFlagUntilTimeout  stm32f1xx_hal_i2c.o
    0x08001aca   0x08001aca   0x00000002   PAD
    0x08001acc   0x08001acc   0x0000000c   Code   RO         5697    i.IODev_GetDev      dev_io.o
    0x08001ad8   0x08001ad8   0x00000004   Code   RO         5698    i.IODev_Init        dev_io.o
    0x08001adc   0x08001adc   0x00000004   Code   RO         5699    i.IODev_Read        dev_io.o
    0x08001ae0   0x08001ae0   0x00000004   Code   RO         5700    i.IODev_Write       dev_io.o
    0x08001ae4   0x08001ae4   0x0000005c   Code   RO         3489    i.Key_Init          driver_key.o
    0x08001b40   0x08001b40   0x00000030   Code   RO         3490    i.Key_Read          driver_key.o
    0x08001b70   0x08001b70   0x00000004   Code   RO         3957    i.LCD_Clear         driver_lcd.o
    0x08001b74   0x08001b74   0x00000004   Code   RO         3963    i.LCD_Init          driver_lcd.o
    0x08001b78   0x08001b78   0x00000004   Code   RO         3965    i.LCD_PrintSignedVal  driver_lcd.o
    0x08001b7c   0x08001b7c   0x00000004   Code   RO         3966    i.LCD_PrintString   driver_lcd.o
    0x08001b80   0x08001b80   0x00000004   Code   RO         3967    i.LCD_PutChar       driver_lcd.o
    0x08001b84   0x08001b84   0x0000003c   Code   RO         3406    i.LED_Init          driver_led.o
    0x08001bc0   0x08001bc0   0x0000001c   Code   RO         3407    i.LED_WriteStatus   driver_led.o
    0x08001bdc   0x08001bdc   0x00000012   Code   RO         5873    i.MQTTCleanSession  mqttclient.o
    0x08001bee   0x08001bee   0x00000002   PAD
    0x08001bf0   0x08001bf0   0x0000004c   Code   RO         5874    i.MQTTClientInit    mqttclient.o
    0x08001c3c   0x08001c3c   0x00000012   Code   RO         5875    i.MQTTCloseSession  mqttclient.o
    0x08001c4e   0x08001c4e   0x0000000a   Code   RO         5876    i.MQTTConnect       mqttclient.o
    0x08001c58   0x08001c58   0x0000009c   Code   RO         5877    i.MQTTConnectWithResults  mqttclient.o
    0x08001cf4   0x08001cf4   0x00000048   Code   RO         6165    i.MQTTDeserialize_ack  mqttdeserializepublish.o
    0x08001d3c   0x08001d3c   0x0000005c   Code   RO         6099    i.MQTTDeserialize_connack  mqttconnectclient.o
    0x08001d98   0x08001d98   0x0000008c   Code   RO         6166    i.MQTTDeserialize_publish  mqttdeserializepublish.o
    0x08001e24   0x08001e24   0x0000007c   Code   RO         6391    i.MQTTDeserialize_suback  mqttsubscribeclient.o
    0x08001ea0   0x08001ea0   0x00000036   Code   RO         6241    i.MQTTPacket_decode  mqttpacket.o
    0x08001ed6   0x08001ed6   0x00000002   PAD
    0x08001ed8   0x08001ed8   0x00000014   Code   RO         6242    i.MQTTPacket_decodeBuf  mqttpacket.o
    0x08001eec   0x08001eec   0x0000002a   Code   RO         6243    i.MQTTPacket_encode  mqttpacket.o
    0x08001f16   0x08001f16   0x00000034   Code   RO         6244    i.MQTTPacket_equals  mqttpacket.o
    0x08001f4a   0x08001f4a   0x00000002   PAD
    0x08001f4c   0x08001f4c   0x00000028   Code   RO         6245    i.MQTTPacket_len    mqttpacket.o
    0x08001f74   0x08001f74   0x000000c4   Code   RO         5880    i.MQTTPublish       mqttclient.o
    0x08002038   0x08002038   0x00000048   Code   RO         6349    i.MQTTSerialize_ack  mqttserializepublish.o
    0x08002080   0x08002080   0x00000118   Code   RO         6100    i.MQTTSerialize_connect  mqttconnectclient.o
    0x08002198   0x08002198   0x00000076   Code   RO         6101    i.MQTTSerialize_connectLength  mqttconnectclient.o
    0x0800220e   0x0800220e   0x00000006   Code   RO         6103    i.MQTTSerialize_pingreq  mqttconnectclient.o
    0x08002214   0x08002214   0x00000086   Code   RO         6352    i.MQTTSerialize_publish  mqttserializepublish.o
    0x0800229a   0x0800229a   0x0000001e   Code   RO         6353    i.MQTTSerialize_publishLength  mqttserializepublish.o
    0x080022b8   0x080022b8   0x0000008c   Code   RO         6392    i.MQTTSerialize_subscribe  mqttsubscribeclient.o
    0x08002344   0x08002344   0x0000002e   Code   RO         6393    i.MQTTSerialize_subscribeLength  mqttsubscribeclient.o
    0x08002372   0x08002372   0x00000032   Code   RO         6104    i.MQTTSerialize_zero  mqttconnectclient.o
    0x080023a4   0x080023a4   0x00000076   Code   RO         5882    i.MQTTSetMessageHandler  mqttclient.o
    0x0800241a   0x0800241a   0x0000000c   Code   RO         5883    i.MQTTSubscribe     mqttclient.o
    0x08002426   0x08002426   0x000000ac   Code   RO         5884    i.MQTTSubscribeWithResults  mqttclient.o
    0x080024d2   0x080024d2   0x00000036   Code   RO         5886    i.MQTTYield         mqttclient.o
    0x08002508   0x08002508   0x0000000e   Code   RO         6248    i.MQTTstrlen        mqttpacket.o
    0x08002516   0x08002516   0x00000002   PAD
    0x08002518   0x08002518   0x00000020   Code   RO          260    i.MX_FREERTOS_Init  freertos.o
    0x08002538   0x08002538   0x000000a4   Code   RO          236    i.MX_GPIO_Init      gpio.o
    0x080025dc   0x080025dc   0x00000040   Code   RO          305    i.MX_I2C1_Init      i2c.o
    0x0800261c   0x0800261c   0x00000038   Code   RO          347    i.MX_USART1_UART_Init  usart.o
    0x08002654   0x08002654   0x00000038   Code   RO          348    i.MX_USART2_UART_Init  usart.o
    0x0800268c   0x0800268c   0x00000002   Code   RO          396    i.MemManage_Handler  stm32f1xx_it.o
    0x0800268e   0x0800268e   0x00000002   PAD
    0x08002690   0x08002690   0x00000048   Code   RO         3601    i.NET_UART_Init     driver_net.o
    0x080026d8   0x080026d8   0x00000002   Code   RO          397    i.NMI_Handler       stm32f1xx_it.o
    0x080026da   0x080026da   0x00000002   PAD
    0x080026dc   0x080026dc   0x000000a4   Code   RO         3602    i.NetDataProcess_Callback  driver_net.o
    0x08002780   0x08002780   0x00000004   Code   RO         5738    i.NetDev_Connect    dev_net.o
    0x08002784   0x08002784   0x00000004   Code   RO         5739    i.NetDev_Disconnect  dev_net.o
    0x08002788   0x08002788   0x00000010   Code   RO         5740    i.NetDev_GetDev     dev_net.o
    0x08002798   0x08002798   0x00000004   Code   RO         5741    i.NetDev_Init       dev_net.o
    0x0800279c   0x0800279c   0x00000004   Code   RO         5742    i.NetDev_Read       dev_net.o
    0x080027a0   0x080027a0   0x00000004   Code   RO         5743    i.NetDev_Write      dev_net.o
    0x080027a4   0x080027a4   0x00000044   Code   RO         3603    i.Net_ConnectTCP    driver_net.o
    0x080027e8   0x080027e8   0x0000005c   Code   RO         3604    i.Net_ConnectWiFi   driver_net.o
    0x08002844   0x08002844   0x00000020   Code   RO         3605    i.Net_DisconnectWiFi  driver_net.o
    0x08002864   0x08002864   0x00000020   Code   RO         3606    i.Net_Disconnect_TCP_UDP  driver_net.o
    0x08002884   0x08002884   0x0000006c   Code   RO         3607    i.Net_Init          driver_net.o
    0x080028f0   0x080028f0   0x00000038   Code   RO         3608    i.Net_RecvSocket    driver_net.o
    0x08002928   0x08002928   0x00000094   Code   RO         3609    i.Net_TransmitCmd   driver_net.o
    0x080029bc   0x080029bc   0x000000b0   Code   RO         3610    i.Net_TransmitSocket  driver_net.o
    0x08002a6c   0x08002a6c   0x00000024   Code   RO         6007    i.NetworkConnect    mqttfreertos.o
    0x08002a90   0x08002a90   0x000000c0   Code   RO         6008    i.NetworkInit       mqttfreertos.o
    0x08002b50   0x08002b50   0x0000002a   Code   RO         3769    i.OLED_Clear        driver_oled.o
    0x08002b7a   0x08002b7a   0x00000002   PAD
    0x08002b7c   0x08002b7c   0x00000094   Code   RO         3775    i.OLED_Init         driver_oled.o
    0x08002c10   0x08002c10   0x0000007e   Code   RO         3777    i.OLED_PrintSignedVal  driver_oled.o
    0x08002c8e   0x08002c8e   0x00000032   Code   RO         3778    i.OLED_PrintString  driver_oled.o
    0x08002cc0   0x08002cc0   0x00000048   Code   RO         3779    i.OLED_PutChar      driver_oled.o
    0x08002d08   0x08002d08   0x0000002c   Code   RO         3780    i.OLED_SetComConfig  driver_oled.o
    0x08002d34   0x08002d34   0x00000040   Code   RO         3781    i.OLED_SetPosition  driver_oled.o
    0x08002d74   0x08002d74   0x00000028   Code   RO         3783    i.OLED_WriteCmd     driver_oled.o
    0x08002d9c   0x08002d9c   0x00000020   Code   RO         3784    i.OLED_WriteNBytes  driver_oled.o
    0x08002dbc   0x08002dbc   0x0000000e   Code   RO          261    i.StartDefaultTask  freertos.o
    0x08002dca   0x08002dca   0x00000002   PAD
    0x08002dcc   0x08002dcc   0x0000002c   Code   RO         5618    i.SysTick_Handler   port.o
    0x08002df8   0x08002df8   0x0000004e   Code   RO           15    i.SystemClock_Config  main.o
    0x08002e46   0x08002e46   0x00000002   Code   RO         3369    i.SystemInit        system_stm32f1xx.o
    0x08002e48   0x08002e48   0x0000000c   Code   RO          398    i.TIM4_IRQHandler   stm32f1xx_it.o
    0x08002e54   0x08002e54   0x0000006c   Code   RO         2133    i.TIM_Base_SetConfig  stm32f1xx_hal_tim.o
    0x08002ec0   0x08002ec0   0x0000000a   Code   RO         6010    i.TimerCountdown    mqttfreertos.o
    0x08002eca   0x08002eca   0x00000006   Code   RO         6011    i.TimerCountdownMS  mqttfreertos.o
    0x08002ed0   0x08002ed0   0x0000000a   Code   RO         6012    i.TimerInit         mqttfreertos.o
    0x08002eda   0x08002eda   0x00000012   Code   RO         6013    i.TimerIsExpired    mqttfreertos.o
    0x08002eec   0x08002eec   0x00000010   Code   RO         6014    i.TimerLeftMS       mqttfreertos.o
    0x08002efc   0x08002efc   0x00000002   Code   RO         3439    i.UART_Init         driver_uart.o
    0x08002efe   0x08002efe   0x00000002   PAD
    0x08002f00   0x08002f00   0x000000b8   Code   RO         3066    i.UART_SetConfig    stm32f1xx_hal_uart.o
    0x08002fb8   0x08002fb8   0x00000064   Code   RO         3069    i.UART_WaitOnFlagUntilTimeout  stm32f1xx_hal_uart.o
    0x0800301c   0x0800301c   0x00000038   Code   RO         3611    i.USART2_IRQHandler  driver_net.o
    0x08003054   0x08003054   0x00000002   Code   RO          399    i.UsageFault_Handler  stm32f1xx_it.o
    0x08003056   0x08003056   0x00000002   PAD
    0x08003058   0x08003058   0x00000020   Code   RO         6657    i.__0printf$6       mc_w.l(printf6.o)
    0x08003078   0x08003078   0x00000028   Code   RO         6659    i.__0sprintf$6      mc_w.l(printf6.o)
    0x080030a0   0x080030a0   0x00000020   Code   RO         1119    i.__NVIC_SetPriority  stm32f1xx_hal_cortex.o
    0x080030c0   0x080030c0   0x0000000e   Code   RO         6833    i.__scatterload_copy  mc_w.l(handlers.o)
    0x080030ce   0x080030ce   0x00000002   Code   RO         6834    i.__scatterload_null  mc_w.l(handlers.o)
    0x080030d0   0x080030d0   0x0000000e   Code   RO         6835    i.__scatterload_zeroinit  mc_w.l(handlers.o)
    0x080030de   0x080030de   0x00000002   PAD
    0x080030e0   0x080030e0   0x000002f0   Code   RO         6664    i._printf_core      mc_w.l(printf6.o)
    0x080033d0   0x080033d0   0x00000024   Code   RO         6665    i._printf_post_padding  mc_w.l(printf6.o)
    0x080033f4   0x080033f4   0x0000002e   Code   RO         6666    i._printf_pre_padding  mc_w.l(printf6.o)
    0x08003422   0x08003422   0x0000000a   Code   RO         6668    i._sputc            mc_w.l(printf6.o)
    0x0800342c   0x0800342c   0x00000024   Code   RO         6249    i.bufchar           mqttpacket.o
    0x08003450   0x08003450   0x00000116   Code   RO         5887    i.cycle             mqttclient.o
    0x08003566   0x08003566   0x00000002   PAD
    0x08003568   0x08003568   0x000000ae   Code   RO         5888    i.deliverMessage    mqttclient.o
    0x08003616   0x08003616   0x00000002   PAD
    0x08003618   0x08003618   0x0000001c   Code   RO         3442    i.fputc             driver_uart.o
    0x08003634   0x08003634   0x00000016   Code   RO         5889    i.getNextPacketId   mqttclient.o
    0x0800364a   0x0800364a   0x00000058   Code   RO         5890    i.keepalive         mqttclient.o
    0x080036a2   0x080036a2   0x00000002   PAD
    0x080036a4   0x080036a4   0x00000070   Code   RO           16    i.main              main.o
    0x08003714   0x08003714   0x0000006c   Code   RO         6764    i.malloc            mc_w.l(malloc.o)
    0x08003780   0x08003780   0x0000001a   Code   RO         4047    i.mdelay            driver_timer.o
    0x0800379a   0x0800379a   0x00000002   PAD
    0x0800379c   0x0800379c   0x000000a0   Code   RO          517    i.messageArrived    mqttecho.o
    0x0800383c   0x0800383c   0x00000038   Code   RO         5164    i.osKernelInitialize  cmsis_os2.o
    0x08003874   0x08003874   0x00000040   Code   RO         5167    i.osKernelStart     cmsis_os2.o
    0x080038b4   0x080038b4   0x000000a4   Code   RO         5201    i.osThreadNew       cmsis_os2.o
    0x08003958   0x08003958   0x0000001e   Code   RO         5792    i.platform_io_init  platform_io.o
    0x08003976   0x08003976   0x00000016   Code   RO         5793    i.platform_io_read  platform_io.o
    0x0800398c   0x0800398c   0x00000012   Code   RO         5794    i.platform_io_write  platform_io.o
    0x0800399e   0x0800399e   0x00000030   Code   RO         5828    i.platform_net_connect  platform_net.o
    0x080039ce   0x080039ce   0x00000020   Code   RO         5829    i.platform_net_disconnect  platform_net.o
    0x080039ee   0x080039ee   0x0000000c   Code   RO         5830    i.platform_net_init  platform_net.o
    0x080039fa   0x080039fa   0x00000020   Code   RO         5831    i.platform_net_read  platform_net.o
    0x08003a1a   0x08003a1a   0x00000020   Code   RO         5832    i.platform_net_write  platform_net.o
    0x08003a3a   0x08003a3a   0x00000002   PAD
    0x08003a3c   0x08003a3c   0x0000005c   Code   RO         4646    i.prvAddCurrentTaskToDelayedList  tasks.o
    0x08003a98   0x08003a98   0x000000d0   Code   RO         4647    i.prvAddNewTaskToReadyList  tasks.o
    0x08003b68   0x08003b68   0x00000058   Code   RO         4996    i.prvCheckForValidListAndQueue  timers.o
    0x08003bc0   0x08003bc0   0x00000026   Code   RO         4252    i.prvCopyDataFromQueue  queue.o
    0x08003be6   0x08003be6   0x0000006c   Code   RO         4253    i.prvCopyDataToQueue  queue.o
    0x08003c52   0x08003c52   0x00000034   Code   RO         4648    i.prvDeleteTCB      tasks.o
    0x08003c86   0x08003c86   0x00000002   PAD
    0x08003c88   0x08003c88   0x0000004c   Code   RO         5568    i.prvHeapInit       heap_4.o
    0x08003cd4   0x08003cd4   0x00000060   Code   RO         4649    i.prvIdleTask       tasks.o
    0x08003d34   0x08003d34   0x00000022   Code   RO         4255    i.prvInitialiseNewQueue  queue.o
    0x08003d56   0x08003d56   0x0000009c   Code   RO         4650    i.prvInitialiseNewTask  tasks.o
    0x08003df2   0x08003df2   0x00000002   PAD
    0x08003df4   0x08003df4   0x0000004c   Code   RO         5569    i.prvInsertBlockIntoFreeList  heap_4.o
    0x08003e40   0x08003e40   0x00000038   Code   RO         4998    i.prvInsertTimerInActiveList  timers.o
    0x08003e78   0x08003e78   0x0000001c   Code   RO         4256    i.prvIsQueueEmpty   queue.o
    0x08003e94   0x08003e94   0x00000254   Code   RO          518    i.prvMQTTEchoTask   mqttecho.o
    0x080040e8   0x080040e8   0x000000cc   Code   RO         4999    i.prvProcessReceivedCommands  timers.o
    0x080041b4   0x080041b4   0x000000b4   Code   RO         5000    i.prvProcessTimerOrBlockTask  timers.o
    0x08004268   0x08004268   0x00000020   Code   RO         4652    i.prvResetNextTaskUnblockTime  tasks.o
    0x08004288   0x08004288   0x00000028   Code   RO         5001    i.prvSampleTimeNow  timers.o
    0x080042b0   0x080042b0   0x0000006c   Code   RO         5002    i.prvSwitchTimerLists  timers.o
    0x0800431c   0x0800431c   0x00000028   Code   RO         5619    i.prvTaskExitError  port.o
    0x08004344   0x08004344   0x00000024   Code   RO         5003    i.prvTimerTask      timers.o
    0x08004368   0x08004368   0x0000006a   Code   RO         4257    i.prvUnlockQueue    queue.o
    0x080043d2   0x080043d2   0x00000002   PAD
    0x080043d4   0x080043d4   0x000000d8   Code   RO         5570    i.pvPortMalloc      heap_4.o
    0x080044ac   0x080044ac   0x00000024   Code   RO         5620    i.pxPortInitialiseStack  port.o
    0x080044d0   0x080044d0   0x0000000c   Code   RO         6251    i.readChar          mqttpacket.o
    0x080044dc   0x080044dc   0x00000012   Code   RO         6252    i.readInt           mqttpacket.o
    0x080044ee   0x080044ee   0x00000034   Code   RO         6253    i.readMQTTLenString  mqttpacket.o
    0x08004522   0x08004522   0x000000ba   Code   RO         5891    i.readPacket        mqttclient.o
    0x080045dc   0x080045dc   0x00000054   Code   RO         5892    i.sendPacket        mqttclient.o
    0x08004630   0x08004630   0x00000038   Code   RO         4049    i.udelay            driver_timer.o
    0x08004668   0x08004668   0x00000026   Code   RO         4212    i.uxListRemove      list.o
    0x0800468e   0x0800468e   0x00000002   PAD
    0x08004690   0x08004690   0x00000014   Code   RO         5213    i.vApplicationGetIdleTaskMemory  cmsis_os2.o
    0x080046a4   0x080046a4   0x00000018   Code   RO         5214    i.vApplicationGetTimerTaskMemory  cmsis_os2.o
    0x080046bc   0x080046bc   0x00000016   Code   RO         4213    i.vListInitialise   list.o
    0x080046d2   0x080046d2   0x00000006   Code   RO         4214    i.vListInitialiseItem  list.o
    0x080046d8   0x080046d8   0x00000030   Code   RO         4215    i.vListInsert       list.o
    0x08004708   0x08004708   0x00000018   Code   RO         4216    i.vListInsertEnd    list.o
    0x08004720   0x08004720   0x00000040   Code   RO         5622    i.vPortEnterCritical  port.o
    0x08004760   0x08004760   0x00000028   Code   RO         5623    i.vPortExitCritical  port.o
    0x08004788   0x08004788   0x0000005c   Code   RO         5571    i.vPortFree         heap_4.o
    0x080047e4   0x080047e4   0x00000024   Code   RO         5624    i.vPortSetupTimerInterrupt  port.o
    0x08004808   0x08004808   0x00000054   Code   RO         5625    i.vPortValidateInterruptPriority  port.o
    0x0800485c   0x0800485c   0x00000028   Code   RO         4263    i.vQueueAddToRegistry  queue.o
    0x08004884   0x08004884   0x00000044   Code   RO         4267    i.vQueueWaitForMessageRestricted  queue.o
    0x080048c8   0x080048c8   0x00000024   Code   RO          519    i.vStartMQTTTasks   mqttecho.o
    0x080048ec   0x080048ec   0x00000010   Code   RO         4669    i.vTaskInternalSetTimeOutState  tasks.o
    0x080048fc   0x080048fc   0x0000000c   Code   RO         4670    i.vTaskMissedYield  tasks.o
    0x08004908   0x08004908   0x00000030   Code   RO         4672    i.vTaskPlaceOnEventList  tasks.o
    0x08004938   0x08004938   0x00000038   Code   RO         4673    i.vTaskPlaceOnEventListRestricted  tasks.o
    0x08004970   0x08004970   0x00000030   Code   RO         4680    i.vTaskSetTimeOutState  tasks.o
    0x080049a0   0x080049a0   0x00000088   Code   RO         4681    i.vTaskStartScheduler  tasks.o
    0x08004a28   0x08004a28   0x00000010   Code   RO         4683    i.vTaskSuspendAll   tasks.o
    0x08004a38   0x08004a38   0x00000064   Code   RO         4684    i.vTaskSwitchContext  tasks.o
    0x08004a9c   0x08004a9c   0x0000002e   Code   RO         5893    i.waitfor           mqttclient.o
    0x08004aca   0x08004aca   0x00000028   Code   RO         6254    i.writeCString      mqttpacket.o
    0x08004af2   0x08004af2   0x0000000c   Code   RO         6255    i.writeChar         mqttpacket.o
    0x08004afe   0x08004afe   0x0000001e   Code   RO         6256    i.writeInt          mqttpacket.o
    0x08004b1c   0x08004b1c   0x00000036   Code   RO         6257    i.writeMQTTString   mqttpacket.o
    0x08004b52   0x08004b52   0x00000002   PAD
    0x08004b54   0x08004b54   0x000000a8   Code   RO         5626    i.xPortStartScheduler  port.o
    0x08004bfc   0x08004bfc   0x00000066   Code   RO         4273    i.xQueueGenericCreateStatic  queue.o
    0x08004c62   0x08004c62   0x00000002   PAD
    0x08004c64   0x08004c64   0x00000088   Code   RO         4274    i.xQueueGenericReset  queue.o
    0x08004cec   0x08004cec   0x00000160   Code   RO         4275    i.xQueueGenericSend  queue.o
    0x08004e4c   0x08004e4c   0x000000bc   Code   RO         4276    i.xQueueGenericSendFromISR  queue.o
    0x08004f08   0x08004f08   0x00000138   Code   RO         4285    i.xQueueReceive     queue.o
    0x08005040   0x08005040   0x00000074   Code   RO         4685    i.xTaskCheckForTimeOut  tasks.o
    0x080050b4   0x080050b4   0x0000005a   Code   RO         4686    i.xTaskCreate       tasks.o
    0x0800510e   0x0800510e   0x00000056   Code   RO         4687    i.xTaskCreateStatic  tasks.o
    0x08005164   0x08005164   0x0000001c   Code   RO         4691    i.xTaskGetSchedulerState  tasks.o
    0x08005180   0x08005180   0x0000000c   Code   RO         4692    i.xTaskGetTickCount  tasks.o
    0x0800518c   0x0800518c   0x000000c8   Code   RO         4694    i.xTaskIncrementTick  tasks.o
    0x08005254   0x08005254   0x00000080   Code   RO         4697    i.xTaskPriorityDisinherit  tasks.o
    0x080052d4   0x080052d4   0x00000070   Code   RO         4699    i.xTaskRemoveFromEventList  tasks.o
    0x08005344   0x08005344   0x000000c4   Code   RO         4700    i.xTaskResumeAll    tasks.o
    0x08005408   0x08005408   0x00000060   Code   RO         5010    i.xTimerCreateTimerTask  timers.o
    0x08005468   0x08005468   0x00000068   Code   RO         5011    i.xTimerGenericCommand  timers.o
    0x080054d0   0x080054d0   0x00000024   Data   RO          262    .constdata          freertos.o
    0x080054f4   0x080054f4   0x000000a4   Data   RO          520    .constdata          mqttecho.o
    0x08005598   0x08005598   0x00000010   Data   RO         3370    .constdata          system_stm32f1xx.o
    0x080055a8   0x080055a8   0x00000008   Data   RO         3371    .constdata          system_stm32f1xx.o
    0x080055b0   0x080055b0   0x000000b4   Data   RO         3613    .constdata          driver_net.o
    0x08005664   0x08005664   0x00000800   Data   RO         3786    .constdata          driver_oled.o
    0x08005e64   0x08005e64   0x00000058   Data   RO         5894    .constdata          mqttclient.o
    0x08005ebc   0x08005ebc   0x00000024   Data   RO         6015    .constdata          mqttfreertos.o
    0x08005ee0   0x08005ee0   0x0000000c   Data   RO          263    .conststring        freertos.o
    0x08005eec   0x08005eec   0x00000095   Data   RO          521    .conststring        mqttecho.o
    0x08005f81   0x08005f81   0x00000003   PAD
    0x08005f84   0x08005f84   0x00000018   Data   RO         6016    .conststring        mqttfreertos.o
    0x08005f9c   0x08005f9c   0x00000020   Data   RO         6831    Region$$Table       anon$$obj.o


    Execution Region RW_IRAM1 (Exec base: 0x20000000, Load base: 0x08005fbc, Size: 0x00002270, Max: 0x00005000, ABSOLUTE)

    Exec Addr    Load Addr    Size         Type   Attr      Idx    E Section Name        Object

    0x20000000   0x08005fbc   0x00000004   Data   RW          264    .data               freertos.o
    0x20000004   0x08005fc0   0x0000000c   Data   RW          656    .data               stm32f1xx_hal.o
    0x20000010   0x08005fcc   0x00000004   Data   RW         3372    .data               system_stm32f1xx.o
    0x20000014   0x08005fd0   0x00000004   Data   RW         3443    .data               driver_uart.o
    0x20000018   0x08005fd4   0x00000010   Data   RW         3492    .data               driver_key.o
    0x20000028   0x08005fe4   0x0000000c   Data   RW         3614    .data               driver_net.o
    0x20000034   0x08005ff0   0x00000008   Data   RW         3788    .data               driver_oled.o
    0x2000003c   0x08005ff8   0x0000003c   Data   RW         4703    .data               tasks.o
    0x20000078   0x08006034   0x00000014   Data   RW         5019    .data               timers.o
    0x2000008c   0x08006048   0x00000004   Data   RW         5216    .data               cmsis_os2.o
    0x20000090   0x0800604c   0x00000018   Data   RW         5576    .data               heap_4.o
    0x200000a8   0x08006064   0x0000000c   Data   RW         5627    .data               port.o
    0x200000b4   0x08006070   0x00000030   Data   RW         5701    .data               dev_io.o
    0x200000e4   0x080060a0   0x00000018   Data   RW         5744    .data               dev_net.o
    0x200000fc   0x080060b8   0x00000004   Data   RW         6258    .data               mqttpacket.o
    0x20000100   0x080060bc   0x00000004   Data   RW         6807    .data               mc_w.l(stdout.o)
    0x20000104   0x080060c0   0x00000004   Data   RW         6812    .data               mc_w.l(mvars.o)
    0x20000108   0x080060c4   0x00000004   Data   RW         6813    .data               mc_w.l(mvars.o)
    0x2000010c        -       0x00000054   Zero   RW          306    .bss                i2c.o
    0x20000160        -       0x00000088   Zero   RW          349    .bss                usart.o
    0x200001e8        -       0x00000048   Zero   RW          484    .bss                stm32f1xx_hal_timebase_tim.o
    0x20000230        -       0x0000000c   Zero   RW         3491    .bss                driver_key.o
    0x2000023c        -       0x0000015c   Zero   RW         3612    .bss                driver_net.o
    0x20000398        -       0x00000040   Zero   RW         4289    .bss                queue.o
    0x200003d8        -       0x000004c4   Zero   RW         4702    .bss                tasks.o
    0x2000089c        -       0x00000118   Zero   RW         5018    .bss                timers.o
    0x200009b4        -       0x000006b8   Zero   RW         5215    .bss                cmsis_os2.o
    0x2000106c        -       0x00000c00   Zero   RW         5575    .bss                heap_4.o
    0x20001c6c   0x080060c8   0x00000004   PAD
    0x20001c70        -       0x00000200   Zero   RW            2    HEAP                startup_stm32f103xb.o
    0x20001e70        -       0x00000400   Zero   RW            1    STACK               startup_stm32f103xb.o


==============================================================================

Image component sizes


      Code (inc. data)   RO Data    RW Data    ZI Data      Debug   Object Name

       328         26          0          4       1720      13240   cmsis_os2.o
        24          4          0         48          0       2407   dev_io.o
        36          4          0         24          0       3208   dev_net.o
       272          0          0          0          0       4309   driver_buffer.o
       416         42          0          0          0       4679   driver_dht11.o
       188         26          0         16         12       3725   driver_key.o
        20          0          0          0          0       2440   driver_lcd.o
        88         16          0          0          0       1437   driver_led.o
      1124        210        180         12        348       8792   driver_net.o
       618         30       2048          8          0       8883   driver_oled.o
        82          4          0          0          0       1634   driver_timer.o
        30          6          0          4          0       1524   driver_uart.o
         0          0          0          0          0      20016   event_groups.o
        46         14         48          4          0       1617   freertos.o
       164         14          0          0          0        899   gpio.o
       460         24          0         24       3072       4483   heap_4.o
       156         26          0          0         84       1501   i2c.o
       138          0          0          0          0       3210   list.o
       212         24          0          0          0     451540   main.o
      1708         20         88          0          0      14986   mqttclient.o
       546         18          0          0          0       4445   mqttconnectclient.o
       212          0          0          0          0       2372   mqttdeserializepublish.o
       792        412        313          0          0      14515   mqttecho.o
       394        128         60          0          0       8353   mqttfreertos.o
       476         22          0          4          0       9584   mqttpacket.o
       236          0          0          0          0       3218   mqttserializepublish.o
       310          0          0          0          0       3395   mqttsubscribeclient.o
        70          0          0          0          0       2006   platform_io.o
       156          0          0          0          0       3646   platform_net.o
       662         70          0         12          0      10429   port.o
      1512         20          0          0         64      13972   queue.o
        36          8        236          0       1536        772   startup_stm32f103xb.o
       100         18          0         12          0       5026   stm32f1xx_hal.o
       158         14          0          0          0      28030   stm32f1xx_hal_cortex.o
       524         40          0          0          0       3954   stm32f1xx_hal_gpio.o
      1772         48          0          0          0      10833   stm32f1xx_hal_i2c.o
        60          8          0          0          0        810   stm32f1xx_hal_msp.o
      1336        110          0          0          0       5597   stm32f1xx_hal_rcc.o
       654         26          0          0          0       6704   stm32f1xx_hal_tim.o
         4          0          0          0          0       1453   stm32f1xx_hal_tim_ex.o
       116         16          0          0         72       1327   stm32f1xx_hal_timebase_tim.o
       560          6          0          0          0       3788   stm32f1xx_hal_uart.o
        24          6          0          0          0       2803   stm32f1xx_it.o
         0          0          0          0          0       8864   stream_buffer.o
         2          0         24          4          0       1023   system_stm32f1xx.o
      2036        164          0         60       1220      22438   tasks.o
       912         82          0         20        280      25511   timers.o
       284         32          0          0        136       2179   usart.o

    ----------------------------------------------------------------------
     20112       1738       3032        256       8548     761577   Object Totals
         0          0         32          0          0          0   (incl. Generated)
        58          0          3          0          4          0   (incl. Padding)

    ----------------------------------------------------------------------

      Code (inc. data)   RO Data    RW Data    ZI Data      Debug   Library Member Name

         0          0          0          0          0          0   entry.o
         0          0          0          0          0          0   entry10a.o
         0          0          0          0          0          0   entry11a.o
         4          0          0          0          0          0   entry12b.o
         8          4          0          0          0          0   entry2.o
         4          0          0          0          0          0   entry5.o
         0          0          0          0          0          0   entry7b.o
         0          0          0          0          0          0   entry8b.o
         8          4          0          0          0          0   entry9a.o
        30          0          0          0          0          0   handlers.o
        36          8          0          0          0         68   init.o
       108         16          0          0          0         84   malloc.o
        36          0          0          0          0         68   memcpya.o
        36          0          0          0          0        108   memseta.o
         0          0          0          8          0          0   mvars.o
       916         20          0          0          0        504   printf6.o
         0          0          0          4          0          0   stdout.o
        24          0          0          0          0         68   strcat.o
        28          0          0          0          0         76   strcmp.o
        14          0          0          0          0         68   strlen.o
        30          0          0          0          0         80   strncmp.o
        36          0          0          0          0         80   strstr.o
        44          0          0          0          0         80   uidiv.o

    ----------------------------------------------------------------------
      1364         52          0         12          0       1284   Library Totals
         2          0          0          0          0          0   (incl. Padding)

    ----------------------------------------------------------------------

      Code (inc. data)   RO Data    RW Data    ZI Data      Debug   Library Name

      1362         52          0         12          0       1284   mc_w.l

    ----------------------------------------------------------------------
      1364         52          0         12          0       1284   Library Totals

    ----------------------------------------------------------------------

==============================================================================


      Code (inc. data)   RO Data    RW Data    ZI Data      Debug   

     21476       1790       3032        268       8548     749285   Grand Totals
     21476       1790       3032        268       8548     749285   ELF Image Totals
     21476       1790       3032        268          0          0   ROM Totals

==============================================================================

    Total RO  Size (Code + RO Data)                24508 (  23.93kB)
    Total RW  Size (RW Data + ZI Data)              8816 (   8.61kB)
    Total ROM Size (Code + RO Data + RW Data)      24776 (  24.20kB)

==============================================================================

